com.kbdunn.nimbus.api.async.AsyncConfiguration -> common.a:
    java.lang.String name -> name
    long notifyInterval -> a
    float notifyProgressInterval -> b
    6:11:void <init>() -> <init>
    6:15:void <init>(java.lang.String) -> <init>
    18:18:java.lang.String getName() -> getName
    22:23:void setName(java.lang.String) -> setName
    26:26:long getNotifyInterval() -> a
    30:31:void setNotifyInterval(long) -> a
    34:34:float getNotifyProgressInterval() -> b
    38:39:void setNotifyProgressInterval(float) -> a
com.kbdunn.nimbus.api.async.AsyncOperation -> common.b:
    com.kbdunn.nimbus.api.async.AsyncConfiguration getConfiguration() -> c
    boolean started() -> d
    boolean running() -> e
    boolean finished() -> finished
    boolean succeeded() -> f
    float getProgress() -> g
    java.util.List getProgressListeners() -> h
    java.util.List getFinishedListeners() -> i
    void addProgressListener(com.kbdunn.nimbus.api.async.ProgressListener) -> a
    void removeProgressListener(com.kbdunn.nimbus.api.async.ProgressListener) -> b
    void addFinishedListener(com.kbdunn.nimbus.api.async.FinishedListener) -> a
    void removeFinishedListener(com.kbdunn.nimbus.api.async.FinishedListener) -> b
com.kbdunn.nimbus.api.async.AsyncOperationQueue -> common.c:
    int getOperationCount() -> j
    int getFinishedCount() -> k
    java.util.List getOperations() -> getOperations
com.kbdunn.nimbus.api.async.EmailTransport -> common.d:
    void send(com.kbdunn.nimbus.api.model.Email) -> a
    java.lang.String getEmailAddress() -> l
    boolean testConnection() -> m
com.kbdunn.nimbus.api.async.FinishedListener -> common.e:
    void operationFinished(com.kbdunn.nimbus.api.async.AsyncOperation) -> a
com.kbdunn.nimbus.api.async.ProgressListener -> common.f:
    void operationProgressed(float) -> b
com.kbdunn.nimbus.api.async.UploadActionProcessor -> common.g:
    void handleUpload() -> n
    com.kbdunn.nimbus.api.model.NimbusFile getUploadDirectory() -> o
    boolean userCanUploadFile(com.kbdunn.nimbus.api.model.NimbusFile) -> a
    void processFinishedMultiUpload() -> p
    void processFinishedUpload(com.kbdunn.nimbus.api.model.NimbusFile,boolean) -> a
com.kbdunn.nimbus.api.async.VaadinUploadOperation -> com.kbdunn.nimbus.api.async.VaadinUploadOperation:
com.kbdunn.nimbus.api.client.NimbusConnection -> common.h:
    java.lang.String API_PATH -> c
    java.net.URL url -> url
    java.lang.String apiToken -> d
    java.lang.String hmacKey -> e
    14:18:void <init>(java.lang.String,java.lang.String,java.lang.String) -> <init>
    20:20:java.net.URL getUrl() -> q
    23:24:void setUrl(java.net.URL) -> a
    26:27:java.lang.String getApiEndpoint() -> r
    30:30:java.lang.String getApiToken() -> s
    33:34:void setApiToken(java.lang.String) -> a
    36:36:java.lang.String getHmacKey() -> t
    39:40:void setHmacKey(java.lang.String) -> b
com.kbdunn.nimbus.api.exception.AuthenticationException -> com.kbdunn.nimbus.api.exception.AuthenticationException:
    long serialVersionUID -> serialVersionUID
    8:9:void <init>() -> <init>
    12:13:void <init>(java.lang.String) -> <init>
com.kbdunn.nimbus.api.exception.EmailConflictException -> com.kbdunn.nimbus.api.exception.EmailConflictException:
    long serialVersionUID -> serialVersionUID
    8:9:void <init>(java.lang.String) -> <init>
com.kbdunn.nimbus.api.exception.FileConflictException -> com.kbdunn.nimbus.api.exception.FileConflictException:
    long serialVersionUID -> serialVersionUID
    java.util.List conflicts -> conflicts
    23:25:void <init>() -> <init>
    28:31:void <init>(com.kbdunn.nimbus.api.model.FileConflict) -> <init>
    34:36:void <init>(java.util.List) -> <init>
    39:40:void add(com.kbdunn.nimbus.api.model.FileConflict) -> add
    43:43:java.util.List getConflicts() -> getConflicts
    48:53:java.lang.String getMessage() -> getMessage
com.kbdunn.nimbus.api.exception.NimbusException -> com.kbdunn.nimbus.api.exception.NimbusException:
    long serialVersionUID -> serialVersionUID
    8:9:void <init>(java.lang.String) -> <init>
    12:13:void <init>(java.lang.Throwable) -> <init>
com.kbdunn.nimbus.api.exception.NullEmailTransportException -> com.kbdunn.nimbus.api.exception.NullEmailTransportException:
    long serialVersionUID -> serialVersionUID
    10:11:void <init>(com.kbdunn.nimbus.api.model.NimbusUser) -> <init>
com.kbdunn.nimbus.api.exception.OAuthAuthenticationException -> com.kbdunn.nimbus.api.exception.OAuthAuthenticationException:
    long serialVersionUID -> serialVersionUID
    11:12:void <init>(com.kbdunn.nimbus.api.model.NimbusUser,com.kbdunn.nimbus.api.security.OAuthAPIService$Type) -> <init>
    15:16:void <init>(java.lang.Long,com.kbdunn.nimbus.api.security.OAuthAPIService$Type) -> <init>
com.kbdunn.nimbus.api.exception.ShareBlockNameConflictException -> com.kbdunn.nimbus.api.exception.ShareBlockNameConflictException:
    long serialVersionUID -> serialVersionUID
    8:9:void <init>(java.lang.String) -> <init>
com.kbdunn.nimbus.api.exception.UsernameConflictException -> com.kbdunn.nimbus.api.exception.UsernameConflictException:
    long serialVersionUID -> serialVersionUID
    8:9:void <init>(java.lang.String) -> <init>
com.kbdunn.nimbus.api.model.Album -> common.i:
    java.lang.String UNKNOWN -> UNKNOWN
    java.lang.String name -> name
    java.lang.String artistName -> f
    12:15:void <init>(java.lang.String,java.lang.String) -> <init>
    18:18:java.lang.String getName() -> getName
    22:23:void setName(java.lang.String) -> setName
    26:26:java.lang.String getArtistName() -> u
    30:31:void setArtistName(java.lang.String) -> c
    35:40:int hashCode() -> hashCode
    45:62:boolean equals(java.lang.Object) -> equals
    67:67:java.lang.String toString() -> toString
    72:74:int compareTo(com.kbdunn.nimbus.api.model.Album) -> a
    5:5:int compareTo(java.lang.Object) -> compareTo
com.kbdunn.nimbus.api.model.Artist -> common.j:
    java.lang.String UNKNOWN -> UNKNOWN
    java.lang.String name -> name
    11:13:void <init>(java.lang.String) -> <init>
    16:16:java.lang.String getName() -> getName
    20:21:void setName(java.lang.String) -> setName
    25:28:int hashCode() -> hashCode
    33:45:boolean equals(java.lang.Object) -> equals
    50:50:java.lang.String toString() -> toString
    55:55:int compareTo(com.kbdunn.nimbus.api.model.Artist) -> a
    5:5:int compareTo(java.lang.Object) -> compareTo
com.kbdunn.nimbus.api.model.BlkidBlock -> common.k:
    java.lang.String path -> path
    java.lang.String uuid -> g
    java.lang.String label -> h
    java.lang.String type -> type
    3:3:void <init>() -> <init>
    7:8:void setPath(java.lang.String) -> setPath
    11:12:void setUuid(java.lang.String) -> d
    15:16:void setLabel(java.lang.String) -> setLabel
    19:20:void setType(java.lang.String) -> setType
    23:23:java.lang.String getPath() -> getPath
    27:27:java.lang.String getUuid() -> v
    31:31:java.lang.String getLabel() -> getLabel
    35:35:java.lang.String getType() -> getType
com.kbdunn.nimbus.api.model.Email -> common.l:
    com.kbdunn.nimbus.api.model.NimbusUser from -> i
    java.util.List recipients -> j
    java.lang.String subject -> subject
    java.lang.String body -> k
    14:15:void <init>(com.kbdunn.nimbus.api.model.NimbusUser,com.kbdunn.nimbus.api.model.NimbusUser) -> <init>
    18:19:void <init>(com.kbdunn.nimbus.api.model.NimbusUser,java.lang.String) -> <init>
    21:24:void <init>(com.kbdunn.nimbus.api.model.NimbusUser,java.util.List) -> <init>
    27:27:com.kbdunn.nimbus.api.model.NimbusUser getFrom() -> w
    31:32:void setFrom(com.kbdunn.nimbus.api.model.NimbusUser) -> a
    35:35:java.util.List getRecipients() -> x
    39:40:void setRecipients(java.util.List) -> a
    43:44:void addRecipient(java.lang.String) -> e
    47:47:java.lang.String getSubject() -> getSubject
    51:52:void setSubject(java.lang.String) -> setSubject
    55:55:java.lang.String getBody() -> getBody
    59:60:void setBody(java.lang.String) -> f
com.kbdunn.nimbus.api.model.FileConflict -> com.kbdunn.nimbus.api.model.FileConflict:
    com.kbdunn.nimbus.api.model.NimbusFile source -> l
    com.kbdunn.nimbus.api.model.NimbusFile target -> m
    com.kbdunn.nimbus.api.model.FileConflict$Resolution resolution -> n
    11:14:void <init>(com.kbdunn.nimbus.api.model.NimbusFile,com.kbdunn.nimbus.api.model.NimbusFile) -> <init>
    17:17:com.kbdunn.nimbus.api.model.NimbusFile getSource() -> y
    21:21:com.kbdunn.nimbus.api.model.NimbusFile getTarget() -> z
    25:26:void setResolution(com.kbdunn.nimbus.api.model.FileConflict$Resolution) -> a
    29:29:com.kbdunn.nimbus.api.model.FileConflict$Resolution getResolution() -> A
com.kbdunn.nimbus.api.model.FileConflict$Resolution -> com.kbdunn.nimbus.api.model.FileConflict$Resolution:
    com.kbdunn.nimbus.api.model.FileConflict$Resolution IGNORE -> IGNORE
    com.kbdunn.nimbus.api.model.FileConflict$Resolution REPLACE -> REPLACE
    com.kbdunn.nimbus.api.model.FileConflict$Resolution COPY -> COPY
    com.kbdunn.nimbus.api.model.FileConflict$Resolution[] $VALUES -> $VALUES
    5:5:com.kbdunn.nimbus.api.model.FileConflict$Resolution[] values() -> values
    5:5:com.kbdunn.nimbus.api.model.FileConflict$Resolution valueOf(java.lang.String) -> valueOf
    5:5:void <init>(java.lang.String,int) -> <init>
    5:5:void <clinit>() -> <clinit>
com.kbdunn.nimbus.api.model.FileContainer -> common.m:
    java.lang.String getPath() -> getPath
    java.lang.String getName() -> getName
com.kbdunn.nimbus.api.model.FilesystemLocation -> common.n:
    java.lang.String TYPE -> TYPE
    java.lang.Long id -> o
    java.lang.String name -> name
    java.lang.String path -> path
    java.lang.Boolean isReconciled -> p
    java.lang.Boolean isAutonomous -> q
    java.util.Date created -> r
    java.util.Date updated -> s
    23:25:void <init>() -> <init>
    27:35:void <init>(java.lang.Long,java.lang.String,java.lang.String,java.lang.Boolean,java.lang.Boolean,java.util.Date,java.util.Date) -> <init>
    39:39:java.lang.String getType() -> getType
    44:44:java.lang.Long getId() -> B
    49:50:void setId(java.lang.Long) -> a
    54:54:java.lang.String getName() -> getName
    59:60:void setName(java.lang.String) -> setName
    64:64:java.lang.String getPath() -> getPath
    69:70:void setPath(java.lang.String) -> setPath
    74:74:boolean isReconciled() -> C
    79:80:void setReconciled(boolean) -> a
    84:84:boolean isAutonomous() -> D
    89:90:void setAutonomous(boolean) -> b
    94:94:java.util.Date getCreated() -> getCreated
    99:100:void setCreated(java.util.Date) -> a
    104:104:java.util.Date getUpdated() -> E
    109:110:void setUpdated(java.util.Date) -> b
    114:121:int hashCode() -> hashCode
    126:153:boolean equals(java.lang.Object) -> equals
    158:158:java.lang.String toString() -> toString
    165:168:int compareTo(com.kbdunn.nimbus.api.model.StorageDevice) -> a
    8:8:int compareTo(java.lang.Object) -> compareTo
com.kbdunn.nimbus.api.model.HardDrive -> common.o:
    java.lang.Long id -> o
    java.lang.String name -> name
    java.lang.String path -> path
    java.lang.String devicePath -> t
    java.lang.String label -> h
    java.lang.String uuid -> g
    java.lang.Boolean isConnected -> u
    java.lang.Boolean isMounted -> v
    java.lang.Boolean isReconciled -> p
    java.lang.Boolean isAutonomous -> q
    java.lang.String type -> type
    java.lang.Long size -> w
    java.lang.Long used -> x
    java.util.Date created -> r
    java.util.Date updated -> s
    30:32:void <init>() -> <init>
    35:51:void <init>(java.lang.Long,java.lang.String,java.lang.String,java.lang.String,java.lang.String,java.lang.String,java.lang.String,java.lang.Boolean,java.lang.Boolean,java.lang.Boolean,java.lang.Boolean,java.lang.Long,java.lang.Long,java.util.Date,java.util.Date) -> <init>
    55:55:java.lang.Long getId() -> B
    60:61:void setId(java.lang.Long) -> a
    65:65:java.lang.String getName() -> getName
    70:71:void setName(java.lang.String) -> setName
    75:75:java.lang.String getPath() -> getPath
    80:81:void setPath(java.lang.String) -> setPath
    84:84:java.lang.String getDevicePath() -> F
    88:89:void setDevicePath(java.lang.String) -> g
    92:92:java.lang.String getLabel() -> getLabel
    96:97:void setLabel(java.lang.String) -> setLabel
    100:100:java.lang.String getUuid() -> v
    104:105:void setUuid(java.lang.String) -> d
    108:108:boolean isConnected() -> isConnected
    112:113:void setConnected(java.lang.Boolean) -> a
    116:116:boolean isMounted() -> G
    120:121:void setMounted(java.lang.Boolean) -> b
    125:125:boolean isReconciled() -> C
    130:131:void setReconciled(boolean) -> a
    135:135:boolean isAutonomous() -> D
    140:141:void setAutonomous(boolean) -> b
    145:145:java.lang.String getType() -> getType
    149:150:void setType(java.lang.String) -> setType
    153:153:java.lang.Long getSize() -> H
    157:158:void setSize(java.lang.Long) -> b
    161:161:java.lang.Long getUsed() -> I
    165:166:void setUsed(java.lang.Long) -> c
    169:169:java.lang.Long getAvailable() -> J
    173:173:java.lang.Double getUsedPercentage() -> K
    178:178:java.util.Date getCreated() -> getCreated
    183:184:void setCreated(java.util.Date) -> a
    188:188:java.util.Date getUpdated() -> E
    193:194:void setUpdated(java.util.Date) -> b
    198:216:int hashCode() -> hashCode
    221:288:boolean equals(java.lang.Object) -> equals
    293:293:java.lang.String toString() -> toString
    303:306:int compareTo(com.kbdunn.nimbus.api.model.StorageDevice) -> a
    8:8:int compareTo(java.lang.Object) -> compareTo
com.kbdunn.nimbus.api.model.MediaGroup -> common.p:
    java.lang.String getName() -> getName
com.kbdunn.nimbus.api.model.Message -> common.q:
    java.lang.Long id -> o
    java.lang.Long userId -> y
    java.lang.String message -> message
    java.util.Date created -> r
    java.util.Date updated -> s
    17:23:void <init>(java.lang.Long,java.lang.Long,java.lang.String,java.util.Date,java.util.Date) -> <init>
    27:27:java.lang.Long getId() -> B
    32:33:void setId(java.lang.Long) -> a
    36:36:java.lang.Long getUserId() -> L
    40:41:void setUserId(java.lang.Long) -> d
    44:44:java.lang.String getMessage() -> getMessage
    48:49:void setMessage(java.lang.String) -> setMessage
    53:53:java.util.Date getCreated() -> getCreated
    58:59:void setCreated(java.util.Date) -> a
    63:63:java.util.Date getUpdated() -> E
    68:69:void setUpdated(java.util.Date) -> b
    73:73:java.lang.String toString() -> toString
    79:84:int hashCode() -> hashCode
    89:111:boolean equals(java.lang.Object) -> equals
com.kbdunn.nimbus.api.model.NimbusFile -> common.r:
    java.lang.Long id -> o
    java.lang.Long userId -> y
    java.lang.Long storageDeviceId -> z
    java.lang.String path -> path
    java.lang.Long size -> w
    java.lang.Boolean isSong -> A
    java.lang.Boolean isVideo -> B
    java.lang.Boolean isImage -> C
    java.lang.Boolean isDirectory -> D
    java.lang.Boolean isReconciled -> p
    java.lang.Long lastReconciled -> E
    java.lang.Boolean isLibraryRemoved -> F
    java.util.Date created -> r
    java.util.Date updated -> s
    30:45:void <init>(java.lang.Long,java.lang.Long,java.lang.Long,java.lang.String,java.lang.Boolean,java.lang.Long,java.lang.Boolean,java.lang.Boolean,java.lang.Boolean,java.lang.Boolean,java.lang.Long,java.lang.Boolean,java.util.Date,java.util.Date) -> <init>
    48:63:void <init>(com.kbdunn.nimbus.api.model.NimbusFile) -> <init>
    67:67:java.lang.Long getId() -> B
    72:73:void setId(java.lang.Long) -> a
    76:76:java.lang.Long getUserId() -> L
    80:81:void setUserId(java.lang.Long) -> d
    84:84:java.lang.Long getStorageDeviceId() -> M
    88:89:void setStorageDeviceId(java.lang.Long) -> e
    92:92:java.lang.String getPath() -> getPath
    96:97:void setPath(java.lang.String) -> setPath
    100:100:java.lang.String getFileExtension() -> getFileExtension
    104:104:java.lang.Long getSize() -> H
    108:109:void setSize(java.lang.Long) -> b
    112:112:boolean isDirectory() -> isDirectory
    116:117:void setDirectory(java.lang.Boolean) -> c
    120:120:boolean isReconciled() -> C
    124:125:void setReconciled(java.lang.Boolean) -> d
    128:128:java.lang.Long getLastReconciled() -> N
    132:133:void setLastReconciled(java.lang.Long) -> f
    136:136:boolean isSong() -> O
    140:141:void setSong(java.lang.Boolean) -> e
    144:144:boolean isVideo() -> P
    148:149:void setVideo(java.lang.Boolean) -> f
    152:152:boolean isImage() -> Q
    156:157:void setImage(java.lang.Boolean) -> g
    160:160:boolean isLibraryRemoved() -> R
    164:165:void setIsLibraryRemoved(java.lang.Boolean) -> h
    169:169:java.util.Date getCreated() -> getCreated
    174:175:void setCreated(java.util.Date) -> a
    179:179:java.util.Date getUpdated() -> E
    184:185:void setUpdated(java.util.Date) -> b
    189:189:java.lang.String getName() -> getName
    194:194:java.lang.String toString() -> toString
    203:216:int hashCode() -> hashCode
    221:273:boolean equals(java.lang.Object) -> equals
    278:280:int compareTo(com.kbdunn.nimbus.api.model.NimbusFile) -> b
    10:10:int compareTo(java.lang.Object) -> compareTo
com.kbdunn.nimbus.api.model.NimbusRecord -> common.s:
    java.lang.Long getId() -> B
    void setId(java.lang.Long) -> a
    java.util.Date getCreated() -> getCreated
    void setCreated(java.util.Date) -> a
    java.util.Date getUpdated() -> E
    void setUpdated(java.util.Date) -> b
com.kbdunn.nimbus.api.model.NimbusUser -> common.t:
    java.lang.Long id -> o
    java.lang.String name -> name
    java.lang.String email -> G
    java.lang.String passwordDigest -> H
    java.lang.String apiToken -> d
    java.lang.String hmacKey -> e
    java.lang.Boolean isPasswordTemporary -> I
    java.lang.Boolean isAdministrator -> J
    java.lang.Boolean isOwner -> K
    com.kbdunn.nimbus.api.security.OAuthAPIService$Type oAuthEmailService -> L
    java.util.Date created -> r
    java.util.Date updated -> s
    30:34:void <init>() -> <init>
    39:52:void <init>(java.lang.Long,java.lang.String,java.lang.String,java.lang.String,java.lang.String,java.lang.String,java.lang.Boolean,java.lang.Boolean,java.lang.Boolean,com.kbdunn.nimbus.api.security.OAuthAPIService$Type,java.util.Date,java.util.Date) -> <init>
    54:67:void <init>(com.kbdunn.nimbus.api.model.NimbusUser) -> <init>
    71:71:java.lang.Long getId() -> B
    76:77:void setId(java.lang.Long) -> a
    80:80:java.lang.String getName() -> getName
    84:85:void setName(java.lang.String) -> setName
    88:88:java.lang.String getEmail() -> S
    92:93:void setEmail(java.lang.String) -> h
    96:96:java.lang.String getHmacKey() -> t
    100:101:void setHmacKey(java.lang.String) -> b
    104:104:java.lang.String getApiToken() -> s
    108:109:void setApiToken(java.lang.String) -> a
    112:112:java.lang.String getPasswordDigest() -> T
    116:117:void setPasswordDigest(java.lang.String) -> i
    120:120:boolean isPasswordTemporary() -> U
    124:125:void setPasswordTemporary(java.lang.Boolean) -> i
    128:128:boolean isAdministrator() -> V
    132:133:void setAdministrator(java.lang.Boolean) -> j
    136:136:boolean isOwner() -> W
    140:141:void setOwner(java.lang.Boolean) -> k
    144:144:com.kbdunn.nimbus.api.security.OAuthAPIService$Type getEmailServiceName() -> X
    148:149:void setEmailServiceName(com.kbdunn.nimbus.api.security.OAuthAPIService$Type) -> a
    153:153:java.util.Date getCreated() -> getCreated
    158:159:void setCreated(java.util.Date) -> a
    163:163:java.util.Date getUpdated() -> E
    168:169:void setUpdated(java.util.Date) -> b
    173:188:int hashCode() -> hashCode
    193:240:boolean equals(java.lang.Object) -> equals
    245:245:java.lang.String toString() -> toString
    253:256:int compareTo(com.kbdunn.nimbus.api.model.NimbusUser) -> b
    10:10:int compareTo(java.lang.Object) -> compareTo
com.kbdunn.nimbus.api.model.OAuthCredential -> common.u:
    java.lang.Long id -> o
    java.lang.Long userId -> y
    com.kbdunn.nimbus.api.security.OAuthAPIService$Type service -> M
    java.lang.String accessToken -> N
    java.lang.String refreshToken -> O
    java.lang.Integer expiresIn -> P
    java.lang.Long lastRefresh -> Q
    java.lang.String tokenType -> R
    java.lang.String oAuth1PublicToken -> S
    java.lang.String scope -> T
    java.util.Date created -> r
    java.util.Date updated -> s
    27:40:void <init>(java.lang.Long,java.lang.Long,com.kbdunn.nimbus.api.security.OAuthAPIService$Type,java.lang.String,java.lang.String,java.lang.Integer,java.lang.Long,java.lang.String,java.lang.String,java.lang.String,java.util.Date,java.util.Date) -> <init>
    42:55:void <init>(com.kbdunn.nimbus.api.model.NimbusUser,com.github.scribejava.core.model.Token,com.kbdunn.nimbus.api.security.OAuthAPIService$Type) -> <init>
    59:59:java.lang.Long getId() -> B
    64:65:void setId(java.lang.Long) -> a
    68:68:java.lang.Long getUserId() -> L
    72:73:void setUserId(java.lang.Long) -> d
    76:76:com.kbdunn.nimbus.api.security.OAuthAPIService$Type getServiceName() -> Y
    80:81:void setServiceName(com.kbdunn.nimbus.api.security.OAuthAPIService$Type) -> b
    84:84:java.lang.String getAccessToken() -> getAccessToken
    88:89:void setAccessToken(java.lang.String) -> j
    92:92:java.lang.String getRefreshToken() -> getRefreshToken
    96:97:void setRefreshToken(java.lang.String) -> k
    100:100:java.lang.Integer getExpiresIn() -> getExpiresIn
    104:105:void setExpiresIn(java.lang.Integer) -> a
    108:108:java.lang.Long getLastRefresh() -> Z
    112:113:void setLastRefresh(java.lang.Long) -> g
    116:116:java.lang.String getTokenType() -> getTokenType
    120:121:void setTokenType(java.lang.String) -> l
    124:124:java.lang.String getOAuth1PublicToken() -> aa
    128:129:void setOAuth1PublicToken(java.lang.String) -> m
    132:132:java.lang.String getScope() -> getScope
    136:137:void setScope(java.lang.String) -> setScope
    141:141:java.util.Date getCreated() -> getCreated
    146:147:void setCreated(java.util.Date) -> a
    151:151:java.util.Date getUpdated() -> E
    156:157:void setUpdated(java.util.Date) -> b
    161:173:int hashCode() -> hashCode
    178:235:boolean equals(java.lang.Object) -> equals
    240:240:java.lang.String toString() -> toString
com.kbdunn.nimbus.api.model.Playlist -> common.v:
    java.lang.Long id -> o
    java.lang.Long userId -> y
    java.lang.String name -> name
    java.util.Date created -> r
    java.util.Date updated -> s
    15:18:void <init>(java.lang.Long,java.lang.String) -> <init>
    20:26:void <init>(java.lang.Long,java.lang.Long,java.lang.String,java.util.Date,java.util.Date) -> <init>
    30:30:java.lang.Long getId() -> B
    35:36:void setId(java.lang.Long) -> a
    39:39:java.lang.Long getUserId() -> L
    43:44:void setUserId(java.lang.Long) -> d
    47:47:java.lang.String getName() -> getName
    51:52:void setName(java.lang.String) -> setName
    56:56:java.util.Date getCreated() -> getCreated
    61:62:void setCreated(java.util.Date) -> a
    66:66:java.util.Date getUpdated() -> E
    71:72:void setUpdated(java.util.Date) -> b
    76:76:java.lang.String toString() -> toString
    82:87:int hashCode() -> hashCode
    92:114:boolean equals(java.lang.Object) -> equals
    119:121:int compareTo(com.kbdunn.nimbus.api.model.Playlist) -> a
    7:7:int compareTo(java.lang.Object) -> compareTo
com.kbdunn.nimbus.api.model.SMTPSettings -> common.w:
    java.lang.Long userId -> y
    java.lang.String smtpServer -> U
    java.lang.String smtpPort -> V
    java.lang.String sslPort -> W
    java.lang.String username -> X
    java.lang.String password -> password
    java.lang.Boolean isSSLEnabled -> Y
    13:15:void <init>(java.lang.Long) -> <init>
    20:28:void <init>(java.lang.Long,java.lang.String,java.lang.String,java.lang.String,java.lang.String,java.lang.String,java.lang.Boolean) -> <init>
    31:31:java.lang.Long getUserId() -> L
    35:36:void setUserId(java.lang.Long) -> d
    39:39:java.lang.String getSmtpServer() -> ab
    43:44:void setSmtpServer(java.lang.String) -> n
    47:47:java.lang.String getSmtpPort() -> ac
    51:52:void setSmtpPort(java.lang.String) -> o
    55:55:java.lang.String getSslPort() -> ad
    59:60:void setSslPort(java.lang.String) -> p
    63:63:java.lang.String getUsername() -> getUsername
    67:68:void setUsername(java.lang.String) -> setUsername
    71:71:java.lang.String getPassword() -> getPassword
    75:76:void setPassword(java.lang.String) -> setPassword
    79:79:boolean isSSLEnabled() -> ae
    83:84:void setSslEnabled(java.lang.Boolean) -> l
    88:89:boolean noAttributesSet() -> af
    94:108:int hashCode() -> hashCode
    113:155:boolean equals(java.lang.Object) -> equals
    160:160:java.lang.String toString() -> toString
com.kbdunn.nimbus.api.model.ShareBlock -> common.x:
    java.lang.Long id -> o
    java.lang.Long userId -> y
    java.lang.Boolean isExternal -> Z
    java.lang.Boolean isExternalUploadAllowed -> aa
    java.lang.String token -> ab
    java.lang.String name -> name
    java.lang.String message -> message
    java.lang.Integer visitCount -> ac
    java.util.Date expirationDate -> ad
    java.lang.String passwordDigest -> H
    java.util.Date created -> r
    java.util.Date updated -> s
    22:26:void <init>() -> <init>
    28:33:void <init>(com.kbdunn.nimbus.api.model.NimbusUser) -> <init>
    39:52:void <init>(java.lang.Long,java.lang.Long,java.lang.Boolean,java.lang.Boolean,java.lang.String,java.lang.String,java.lang.String,java.lang.Integer,java.util.Date,java.lang.String,java.util.Date,java.util.Date) -> <init>
    56:56:java.lang.Long getId() -> B
    61:62:void setId(java.lang.Long) -> a
    65:65:java.lang.Long getUserId() -> L
    69:70:void setUserId(java.lang.Long) -> d
    73:73:boolean isExternal() -> isExternal
    77:78:void setExternal(java.lang.Boolean) -> m
    81:81:boolean isExternalUploadAllowed() -> ag
    85:86:void setExternalUploadAllowed(java.lang.Boolean) -> n
    89:89:java.lang.String getToken() -> getToken
    93:94:void setToken(java.lang.String) -> q
    97:97:java.lang.String getName() -> getName
    101:102:void setName(java.lang.String) -> setName
    105:105:java.lang.String getMessage() -> getMessage
    109:110:void setMessage(java.lang.String) -> setMessage
    113:113:java.lang.Integer getVisitCount() -> ah
    117:118:void setVisitCount(java.lang.Integer) -> b
    121:121:java.util.Date getExpirationDate() -> ai
    125:126:void setExpirationDate(java.util.Date) -> c
    129:129:java.lang.String getPasswordDigest() -> T
    133:134:void setPasswordDigest(java.lang.String) -> i
    138:138:java.util.Date getCreated() -> getCreated
    143:144:void setCreated(java.util.Date) -> a
    148:148:java.util.Date getUpdated() -> E
    153:154:void setUpdated(java.util.Date) -> b
    158:158:java.lang.String getPath() -> getPath
    163:174:int hashCode() -> hashCode
    179:231:boolean equals(java.lang.Object) -> equals
    236:236:java.lang.String toString() -> toString
    246:248:int compareTo(com.kbdunn.nimbus.api.model.ShareBlock) -> a
    7:7:int compareTo(java.lang.Object) -> compareTo
com.kbdunn.nimbus.api.model.ShareBlockAccess -> common.y:
    java.lang.Long id -> o
    java.lang.Long shareBlockId -> ae
    java.lang.Long userId -> y
    java.lang.Boolean canCreate -> af
    java.lang.Boolean canUpdate -> ag
    java.lang.Boolean canDelete -> ah
    java.util.Date created -> r
    java.util.Date updated -> s
    16:22:void <init>(java.lang.Long,java.lang.Long) -> <init>
    27:36:void <init>(java.lang.Long,java.lang.Long,java.lang.Long,java.lang.Boolean,java.lang.Boolean,java.lang.Boolean,java.util.Date,java.util.Date) -> <init>
    40:40:java.lang.Long getId() -> B
    45:46:void setId(java.lang.Long) -> a
    49:49:java.lang.Long getShareBlockId() -> aj
    53:54:void setShareBlockId(java.lang.Long) -> h
    57:57:java.lang.Long getUserId() -> L
    61:62:void setUserId(java.lang.Long) -> d
    65:65:boolean canCreate() -> ak
    69:70:void setCanCreate(java.lang.Boolean) -> o
    73:73:boolean canUpdate() -> al
    77:78:void setCanUpdate(java.lang.Boolean) -> p
    81:81:boolean canDelete() -> am
    85:86:void setCanDelete(java.lang.Boolean) -> q
    90:90:java.util.Date getCreated() -> getCreated
    95:96:void setCreated(java.util.Date) -> a
    100:100:java.util.Date getUpdated() -> E
    105:106:void setUpdated(java.util.Date) -> b
    110:122:int hashCode() -> hashCode
    127:164:boolean equals(java.lang.Object) -> equals
    169:169:java.lang.String toString() -> toString
com.kbdunn.nimbus.api.model.ShareBlockComment -> common.z:
    java.lang.Long shareBlockId -> ae
    java.lang.Boolean isAnonymous -> ai
    java.lang.String anonymousUserIpAddress -> aj
    13:17:void <init>(java.lang.Long,java.lang.Long,java.lang.String,java.lang.Long,java.lang.Boolean,java.lang.String,java.util.Date,java.util.Date) -> <init>
    20:20:java.lang.Long getShareBlockId() -> aj
    24:25:void setShareBlockId(java.lang.Long) -> h
    28:28:boolean getIsAnonymous() -> an
    32:33:void setIsAnonymous(java.lang.Boolean) -> r
    36:36:java.lang.String getAnonymousUserIpAddress() -> ao
    40:41:void setAnonymousUserIpAddress(java.lang.String) -> r
    45:45:java.lang.String toString() -> toString
    52:62:int hashCode() -> hashCode
    67:89:boolean equals(java.lang.Object) -> equals
com.kbdunn.nimbus.api.model.ShareBlockFile -> common.A:
    java.lang.Long id -> o
    java.lang.Long nimbusFileId -> ak
    java.lang.Long shareBlockId -> ae
    java.lang.String note -> note
    java.util.Date created -> r
    java.util.Date updated -> s
    14:18:void <init>(java.lang.Long,java.lang.Long,java.lang.String) -> <init>
    22:29:void <init>(java.lang.Long,java.lang.Long,java.lang.Long,java.lang.String,java.util.Date,java.util.Date) -> <init>
    33:33:java.lang.Long getId() -> B
    38:39:void setId(java.lang.Long) -> a
    42:42:java.lang.Long getNimbusFileId() -> ap
    46:47:void setNimbusFileId(java.lang.Long) -> i
    50:50:java.lang.Long getShareBlockId() -> aj
    54:55:void setShareBlockId(java.lang.Long) -> h
    58:58:java.lang.String getNote() -> getNote
    62:63:void setNote(java.lang.String) -> setNote
    67:67:java.util.Date getCreated() -> getCreated
    72:73:void setCreated(java.util.Date) -> a
    77:77:java.util.Date getUpdated() -> E
    82:83:void setUpdated(java.util.Date) -> b
    87:95:int hashCode() -> hashCode
    100:127:boolean equals(java.lang.Object) -> equals
    132:132:java.lang.String toString() -> toString
com.kbdunn.nimbus.api.model.ShareBlockRecipient -> common.B:
    java.lang.Long id -> o
    java.lang.Long shareBlockId -> ae
    java.lang.String email -> G
    java.util.Date created -> r
    java.util.Date updated -> s
    13:16:void <init>(java.lang.Long,java.lang.String) -> <init>
    20:26:void <init>(java.lang.Long,java.lang.Long,java.lang.String,java.util.Date,java.util.Date) -> <init>
    30:30:java.lang.Long getId() -> B
    35:36:void setId(java.lang.Long) -> a
    39:39:java.lang.Long getShareBlockId() -> aj
    43:44:void setShareBlockId(java.lang.Long) -> h
    47:47:java.lang.String getEmail() -> S
    51:52:void setEmail(java.lang.String) -> h
    56:56:java.util.Date getCreated() -> getCreated
    61:62:void setCreated(java.util.Date) -> a
    66:66:java.util.Date getUpdated() -> E
    71:72:void setUpdated(java.util.Date) -> b
    76:82:int hashCode() -> hashCode
    87:109:boolean equals(java.lang.Object) -> equals
    114:114:java.lang.String toString() -> toString
com.kbdunn.nimbus.api.model.Song -> common.C:
    java.lang.String title -> title
    java.lang.Integer length -> al
    java.lang.Integer trackNumber -> am
    java.lang.String artist -> artist
    java.lang.String album -> an
    java.lang.String albumYear -> ao
    17:25:void <init>(java.lang.Long,java.lang.Long,java.lang.Long,java.lang.String,java.lang.Boolean,java.lang.Long,java.lang.Boolean,java.lang.Boolean,java.lang.Boolean,java.lang.Boolean,java.lang.Long,java.lang.Boolean,java.util.Date,java.util.Date,java.lang.String,java.lang.Integer,java.lang.Integer,java.lang.String,java.lang.String,java.lang.String) -> <init>
    28:29:void <init>(com.kbdunn.nimbus.api.model.NimbusFile) -> <init>
    32:32:java.lang.String getTitle() -> getTitle
    36:37:void setTitle(java.lang.String) -> setTitle
    40:40:java.lang.Integer getLength() -> aq
    44:45:void setLength(java.lang.Integer) -> c
    48:48:java.lang.Integer getTrackNumber() -> ar
    52:53:void setTrackNumber(java.lang.Integer) -> d
    56:56:java.lang.String getArtist() -> as
    60:61:void setArtist(java.lang.String) -> s
    64:64:java.lang.String getAlbum() -> at
    68:69:void setAlbum(java.lang.String) -> t
    72:72:java.lang.String getAlbumYear() -> au
    76:77:void setAlbumYear(java.lang.String) -> u
    81:91:int hashCode() -> hashCode
    96:133:boolean equals(java.lang.Object) -> equals
    138:139:java.lang.String toString() -> toString
com.kbdunn.nimbus.api.model.StorageDevice -> common.D:
    void setName(java.lang.String) -> setName
    void setPath(java.lang.String) -> setPath
    java.lang.String getType() -> getType
    boolean isReconciled() -> C
    void setReconciled(boolean) -> a
    boolean isAutonomous() -> D
    void setAutonomous(boolean) -> b
com.kbdunn.nimbus.api.model.UserMessage -> common.E:
    java.lang.Long recipientUserId -> ap
    10:12:void <init>(java.lang.Long,java.lang.Long,java.lang.String,java.lang.Long,java.util.Date,java.util.Date) -> <init>
    15:15:java.lang.Long getRecipientUserId() -> av
    19:20:void setRecipientUserId(java.lang.Long) -> j
    24:28:int hashCode() -> hashCode
    33:45:boolean equals(java.lang.Object) -> equals
    50:50:java.lang.String toString() -> toString
com.kbdunn.nimbus.api.model.Video -> common.F:
    java.lang.String title -> title
    java.lang.Integer length -> al
    13:17:void <init>(java.lang.Long,java.lang.Long,java.lang.Long,java.lang.String,java.lang.Boolean,java.lang.Long,java.lang.Boolean,java.lang.Boolean,java.lang.Boolean,java.lang.Boolean,java.lang.Long,java.lang.Boolean,java.util.Date,java.util.Date,java.lang.String,java.lang.Integer) -> <init>
    20:21:void <init>(com.kbdunn.nimbus.api.model.NimbusFile) -> <init>
    24:24:java.lang.String getTitle() -> getTitle
    28:29:void setTitle(java.lang.String) -> setTitle
    32:32:java.lang.Integer getLength() -> aq
    36:37:void setLength(java.lang.Integer) -> c
    41:45:int hashCode() -> hashCode
    50:67:boolean equals(java.lang.Object) -> equals
    72:72:java.lang.String toString() -> toString
com.kbdunn.nimbus.api.rest.HMAC -> common.G:
    org.apache.log4j.Logger log -> aq
    java.lang.String ALGORITHM -> ALGORITHM
    java.lang.String CHARSET -> ar
    17:17:void <init>() -> <init>
    26:32:java.lang.String hmacDigestRequest(java.lang.String,java.lang.String,java.lang.String,java.lang.String,java.lang.String,com.kbdunn.nimbus.api.rest.NimbusHttpHeaders,java.util.Map) -> a
    36:40:java.lang.String hmacDigestResponse(java.lang.String,java.lang.String,java.lang.String,java.lang.String,com.kbdunn.nimbus.api.rest.NimbusHttpHeaders) -> a
    44:52:java.lang.String getStringToSign(com.kbdunn.nimbus.api.rest.NimbusHttpHeaders,java.util.Map,java.lang.String[]) -> a
    57:82:java.lang.String getStringToSign(com.kbdunn.nimbus.api.rest.NimbusHttpHeaders,java.lang.String[]) -> a
    86:94:java.lang.String hmacDigest(java.lang.String,java.lang.String) -> a
    100:102:java.lang.String generateSecretKey() -> aw
    107:115:java.lang.String toHex(byte[]) -> a
    19:19:void <clinit>() -> <clinit>
com.kbdunn.nimbus.api.rest.NimbusHttpHeaders -> com.kbdunn.nimbus.api.rest.NimbusHttpHeaders:
    java.util.Map headers -> as
    40:42:void <init>() -> <init>
    45:47:void put(com.kbdunn.nimbus.api.rest.NimbusHttpHeaders$Key,java.lang.String) -> a
    50:50:java.lang.String get(com.kbdunn.nimbus.api.rest.NimbusHttpHeaders$Key) -> a
    54:54:boolean containsKey(com.kbdunn.nimbus.api.rest.NimbusHttpHeaders$Key) -> b
    58:58:java.util.Map getMap() -> getMap
    62:66:java.util.Map getStringMap() -> ax
    83:83:com.kbdunn.nimbus.api.rest.NimbusHttpHeaders coalesce(com.kbdunn.nimbus.api.rest.NimbusHttpHeaders) -> a
    87:92:com.kbdunn.nimbus.api.rest.NimbusHttpHeaders coalesce(java.util.Map) -> a
    110:118:com.kbdunn.nimbus.api.rest.NimbusHttpHeaders fromMap(java.util.Map) -> b
com.kbdunn.nimbus.api.rest.NimbusHttpHeaders$Key -> com.kbdunn.nimbus.api.rest.NimbusHttpHeaders$Key:
    com.kbdunn.nimbus.api.rest.NimbusHttpHeaders$Key REQUESTOR -> REQUESTOR
    com.kbdunn.nimbus.api.rest.NimbusHttpHeaders$Key SIGNATURE -> SIGNATURE
    com.kbdunn.nimbus.api.rest.NimbusHttpHeaders$Key TIMESTAMP -> TIMESTAMP
    java.lang.String PREFIX -> PREFIX
    java.lang.String keyString -> keyString
    com.kbdunn.nimbus.api.rest.NimbusHttpHeaders$Key[] $VALUES -> $VALUES
    12:12:com.kbdunn.nimbus.api.rest.NimbusHttpHeaders$Key[] values() -> values
    12:12:com.kbdunn.nimbus.api.rest.NimbusHttpHeaders$Key valueOf(java.lang.String) -> valueOf
    21:23:void <init>(java.lang.String,int,java.lang.String) -> <init>
    26:29:com.kbdunn.nimbus.api.rest.NimbusHttpHeaders$Key fromString(java.lang.String) -> fromString
    34:34:java.lang.String toString() -> toString
    12:15:void <clinit>() -> <clinit>
com.kbdunn.nimbus.api.rest.entity.NimbusUserDecorator -> common.H:
    java.util.List storageDevices -> at
    13:14:void <init>(com.kbdunn.nimbus.api.model.NimbusUser) -> <init>
    17:17:java.util.List getStorageDevices() -> ay
    21:22:void setStorageDevices(java.util.List) -> b
    25:27:void addStorageDevice(com.kbdunn.nimbus.api.rest.entity.NimbusUserStorageDevice) -> a
com.kbdunn.nimbus.api.rest.entity.NimbusUserStorageDevice -> common.I:
    com.kbdunn.nimbus.api.model.NimbusUser user -> au
    com.kbdunn.nimbus.api.model.StorageDevice storageDevice -> av
    boolean isActivated -> aw
    com.kbdunn.nimbus.api.model.NimbusFile homeFolder -> ax
    31:34:void <init>(com.kbdunn.nimbus.api.model.NimbusUser,com.kbdunn.nimbus.api.model.StorageDevice) -> <init>
    37:37:com.kbdunn.nimbus.api.model.NimbusUser getUser() -> az
    40:41:void setUser(com.kbdunn.nimbus.api.model.NimbusUser) -> c
    43:43:com.kbdunn.nimbus.api.model.StorageDevice getStorageDevice() -> aA
    46:47:void setStorageDevice(com.kbdunn.nimbus.api.model.StorageDevice) -> b
    49:49:com.kbdunn.nimbus.api.model.NimbusFile getHomeFolder() -> aB
    52:53:void setHomeFolder(com.kbdunn.nimbus.api.model.NimbusFile) -> c
    56:56:boolean isActivated() -> aC
    60:61:void setActivated(boolean) -> c
com.kbdunn.nimbus.api.rest.entity.PostResponse -> common.J:
    java.lang.Long id -> o
    java.util.Date created -> r
    java.util.Date updated -> s
    java.lang.String[] uris -> ay
    11:11:void <init>() -> <init>
    13:18:void <init>(java.lang.Long,java.util.Date,java.util.Date,java.lang.String[]) -> <init>
    21:21:java.lang.Long getId() -> B
    25:26:void setId(java.lang.Long) -> a
    29:29:java.util.Date getCreated() -> getCreated
    33:34:void setCreated(java.util.Date) -> a
    37:37:java.util.Date getUpdated() -> E
    41:42:void setUpdated(java.util.Date) -> b
    45:45:java.lang.String[] getUris() -> aD
    49:50:void setUris(java.lang.String[]) -> a
com.kbdunn.nimbus.api.rest.entity.PutResponse -> common.K:
    java.lang.Long id -> o
    java.util.Date created -> r
    java.util.Date updated -> s
    java.lang.String[] uris -> ay
    11:11:void <init>() -> <init>
    13:18:void <init>(java.lang.Long,java.util.Date,java.util.Date,java.lang.String[]) -> <init>
    21:21:java.lang.Long getId() -> B
    25:26:void setId(java.lang.Long) -> a
    29:29:java.util.Date getCreated() -> getCreated
    33:34:void setCreated(java.util.Date) -> a
    37:37:java.util.Date getUpdated() -> E
    41:42:void setUpdated(java.util.Date) -> b
    45:45:java.lang.String[] getUris() -> aD
    49:50:void setUris(java.lang.String[]) -> a
com.kbdunn.nimbus.api.rest.entity.StorageDeviceList -> com.kbdunn.nimbus.api.rest.entity.StorageDeviceList:
    long serialVersionUID -> serialVersionUID
    13:14:void <init>(java.util.List) -> <init>
com.kbdunn.nimbus.api.security.OAuth10aAPI -> common.L:
    5:5:void <init>() -> <init>
    com.github.scribejava.core.builder.api.DefaultApi10a getScribeApi() -> aE
com.kbdunn.nimbus.api.security.OAuth20API -> common.M:
    6:6:void <init>() -> <init>
    com.github.scribejava.core.builder.api.DefaultApi20 getScribeApi() -> aF
    11:15:void refreshAccessTokenIfNeeded() -> aG
com.kbdunn.nimbus.api.security.OAuthAPIService -> com.kbdunn.nimbus.api.security.OAuthAPIService:
    com.kbdunn.nimbus.api.security.OAuthAPIService$Type getType() -> aH
    com.kbdunn.nimbus.api.model.OAuthCredential getOAuthCredential() -> aI
    boolean isEmailSupported() -> aJ
    com.kbdunn.nimbus.api.async.EmailTransport getEmailTransport() -> aK
    com.kbdunn.nimbus.api.server.OAuthService getOAuthService() -> aL
com.kbdunn.nimbus.api.security.OAuthAPIService$Type -> com.kbdunn.nimbus.api.security.OAuthAPIService$Type:
    com.kbdunn.nimbus.api.security.OAuthAPIService$Type GOOGLE -> GOOGLE
    com.kbdunn.nimbus.api.security.OAuthAPIService$Type YAHOO -> YAHOO
    boolean isOAuth20 -> isOAuth20
    java.lang.String clientKey -> clientKey
    java.lang.String clientSecret -> clientSecret
    java.lang.String emailScope -> emailScope
    com.kbdunn.nimbus.api.security.OAuthAPIService$Type[] $VALUES -> $VALUES
    9:9:com.kbdunn.nimbus.api.security.OAuthAPIService$Type[] values() -> values
    9:9:com.kbdunn.nimbus.api.security.OAuthAPIService$Type valueOf(java.lang.String) -> valueOf
    24:29:void <init>(java.lang.String,int,boolean,java.lang.String,java.lang.String,java.lang.String) -> <init>
    32:32:boolean isOAuth20() -> isOAuth20
    36:36:java.lang.String getClientKey() -> getClientKey
    40:40:java.lang.String getClientSecret() -> getClientSecret
    44:44:java.lang.String getEmailScope() -> getEmailScope
    9:14:void <clinit>() -> <clinit>
com.kbdunn.nimbus.api.server.AsyncService -> common.N:
    void startAsyncOperation(com.kbdunn.nimbus.api.async.AsyncOperation) -> b
    com.kbdunn.nimbus.api.async.AsyncOperationQueue buildAsyncOperationQueue(java.lang.String,java.util.List) -> a
    com.kbdunn.nimbus.api.async.AsyncOperation copyFile(com.kbdunn.nimbus.api.async.AsyncConfiguration,com.kbdunn.nimbus.api.model.NimbusFile,com.kbdunn.nimbus.api.model.NimbusFile,boolean) -> a
    com.kbdunn.nimbus.api.async.AsyncOperation copyFile(com.kbdunn.nimbus.api.async.AsyncConfiguration,com.kbdunn.nimbus.api.model.NimbusFile,com.kbdunn.nimbus.api.model.NimbusFile,java.util.List,boolean) -> a
    com.kbdunn.nimbus.api.async.AsyncOperation copyFiles(com.kbdunn.nimbus.api.async.AsyncConfiguration,java.util.List,com.kbdunn.nimbus.api.model.NimbusFile,boolean) -> a
    com.kbdunn.nimbus.api.async.AsyncOperation copyFiles(com.kbdunn.nimbus.api.async.AsyncConfiguration,java.util.List,com.kbdunn.nimbus.api.model.NimbusFile,java.util.List,boolean) -> a
    com.kbdunn.nimbus.api.async.AsyncOperation moveFile(com.kbdunn.nimbus.api.async.AsyncConfiguration,com.kbdunn.nimbus.api.model.NimbusFile,com.kbdunn.nimbus.api.model.NimbusFile,boolean) -> b
    com.kbdunn.nimbus.api.async.AsyncOperation moveFile(com.kbdunn.nimbus.api.async.AsyncConfiguration,com.kbdunn.nimbus.api.model.NimbusFile,com.kbdunn.nimbus.api.model.NimbusFile,java.util.List,boolean) -> b
    com.kbdunn.nimbus.api.async.AsyncOperation moveFiles(com.kbdunn.nimbus.api.async.AsyncConfiguration,java.util.List,com.kbdunn.nimbus.api.model.NimbusFile,boolean) -> b
    com.kbdunn.nimbus.api.async.AsyncOperation moveFiles(com.kbdunn.nimbus.api.async.AsyncConfiguration,java.util.List,com.kbdunn.nimbus.api.model.NimbusFile,java.util.List,boolean) -> b
    com.kbdunn.nimbus.api.async.AsyncOperation reconcileStorageDevice(com.kbdunn.nimbus.api.async.AsyncConfiguration,com.kbdunn.nimbus.api.model.StorageDevice,boolean) -> a
    void pauseStorageDeviceReconciliations() -> aM
    void resumeStorageDeviceReconciliations() -> aN
    com.kbdunn.nimbus.api.async.AsyncOperation sendEmail(com.kbdunn.nimbus.api.async.AsyncConfiguration,com.kbdunn.nimbus.api.model.Email,boolean) -> a
    com.kbdunn.nimbus.api.async.AsyncOperation sendPasswordResetEmail(com.kbdunn.nimbus.api.async.AsyncConfiguration,com.kbdunn.nimbus.api.model.NimbusUser,java.lang.String,java.lang.String,java.lang.String,com.kbdunn.nimbus.api.model.NimbusUser,boolean) -> a
    com.kbdunn.nimbus.api.async.AsyncOperation sendInvitationEmail(com.kbdunn.nimbus.api.async.AsyncConfiguration,com.kbdunn.nimbus.api.model.NimbusUser,java.lang.String,java.lang.String,java.lang.String,java.lang.String,boolean) -> a
    com.kbdunn.nimbus.api.async.AsyncOperation updateMediaLibrary(com.kbdunn.nimbus.api.async.AsyncConfiguration,com.kbdunn.nimbus.api.model.NimbusUser,boolean) -> a
    com.kbdunn.nimbus.api.async.VaadinUploadOperation uploadFile(java.lang.String,long,com.kbdunn.nimbus.api.async.UploadActionProcessor) -> a
    com.kbdunn.nimbus.api.async.VaadinUploadOperation uploadFile(com.kbdunn.nimbus.api.async.UploadActionProcessor) -> a
com.kbdunn.nimbus.api.server.FileContainerService -> common.O:
    java.util.List getContents(com.kbdunn.nimbus.api.model.FileContainer) -> a
    java.util.List getContents(com.kbdunn.nimbus.api.model.FileContainer,int,int) -> a
    java.util.List getFolderContents(com.kbdunn.nimbus.api.model.FileContainer) -> b
    java.util.List getFileContents(com.kbdunn.nimbus.api.model.FileContainer) -> c
    java.util.List getImageContents(com.kbdunn.nimbus.api.model.FileContainer) -> d
    java.lang.String getRelativePath(com.kbdunn.nimbus.api.model.FileContainer,com.kbdunn.nimbus.api.model.NimbusFile) -> a
    com.kbdunn.nimbus.api.model.NimbusFile resolveRelativePath(com.kbdunn.nimbus.api.model.FileContainer,java.lang.String) -> a
    long getRecursiveContentSize(com.kbdunn.nimbus.api.model.FileContainer) -> e
    int getContentCount(com.kbdunn.nimbus.api.model.FileContainer) -> f
    int getRecursiveContentCount(com.kbdunn.nimbus.api.model.FileContainer) -> g
com.kbdunn.nimbus.api.server.FileService -> common.P:
    com.kbdunn.nimbus.api.model.NimbusFile getFileCopy(com.kbdunn.nimbus.api.model.NimbusFile) -> d
    com.kbdunn.nimbus.api.model.NimbusFile getFileById(long) -> b
    com.kbdunn.nimbus.api.model.NimbusFile getFileByPath(java.nio.file.Path) -> a
    com.kbdunn.nimbus.api.model.NimbusFile getFileByPath(java.lang.String) -> v
    com.kbdunn.nimbus.api.model.NimbusFile getFileByPath(java.lang.String,boolean) -> a
    long getTotalFileCount() -> aO
    com.kbdunn.nimbus.api.model.StorageDevice getStorageDevice(com.kbdunn.nimbus.api.model.NimbusFile) -> e
    boolean fileExistsOnDisk(com.kbdunn.nimbus.api.model.NimbusFile) -> f
    java.util.Date getLastModifiedDate(com.kbdunn.nimbus.api.model.NimbusFile) -> g
    java.lang.String getFileSizeString(com.kbdunn.nimbus.api.model.NimbusFile) -> h
    long getRecursiveContentSize(com.kbdunn.nimbus.api.model.NimbusFile) -> i
    com.kbdunn.nimbus.api.model.NimbusFile getParentFile(com.kbdunn.nimbus.api.model.NimbusFile) -> j
    int getContentCount(com.kbdunn.nimbus.api.model.NimbusFile) -> k
    int getRecursiveContentCount(com.kbdunn.nimbus.api.model.NimbusFile) -> l
    boolean folderHasContents(com.kbdunn.nimbus.api.model.NimbusFile) -> m
    boolean folderContentsContainsFolder(com.kbdunn.nimbus.api.model.NimbusFile) -> n
    boolean fileIsChildOf(com.kbdunn.nimbus.api.model.NimbusFile,com.kbdunn.nimbus.api.model.NimbusFile) -> a
    java.util.List getContents(com.kbdunn.nimbus.api.model.NimbusFile) -> o
    java.util.List getContents(com.kbdunn.nimbus.api.model.NimbusFile,int,int) -> a
    java.util.List getFileContents(com.kbdunn.nimbus.api.model.NimbusFile) -> p
    java.util.List getFolderContents(com.kbdunn.nimbus.api.model.NimbusFile) -> q
    java.util.List getImageContents(com.kbdunn.nimbus.api.model.NimbusFile) -> r
    java.util.List getRecursiveFolderContents(com.kbdunn.nimbus.api.model.NimbusFile) -> s
    com.kbdunn.nimbus.api.model.NimbusFile resolveRelativePath(com.kbdunn.nimbus.api.model.NimbusFile,java.lang.String) -> a
    java.lang.String getRelativePath(com.kbdunn.nimbus.api.model.NimbusFile,com.kbdunn.nimbus.api.model.NimbusFile) -> b
    com.kbdunn.nimbus.api.model.NimbusFile getFileConflictResolution(com.kbdunn.nimbus.api.model.FileConflict) -> a
    boolean save(com.kbdunn.nimbus.api.model.NimbusFile) -> t
    boolean delete(com.kbdunn.nimbus.api.model.NimbusFile) -> u
    boolean createDirectory(com.kbdunn.nimbus.api.model.NimbusFile) -> v
    boolean touchFile(com.kbdunn.nimbus.api.model.NimbusFile) -> w
    boolean renameFile(com.kbdunn.nimbus.api.model.NimbusFile,java.lang.String) -> b
    boolean fileMoveDestinationIsValid(com.kbdunn.nimbus.api.model.NimbusFile,com.kbdunn.nimbus.api.model.NimbusFile) -> c
    boolean moveFileTo(com.kbdunn.nimbus.api.model.NimbusFile,com.kbdunn.nimbus.api.model.NimbusFile) -> d
    boolean moveFile(com.kbdunn.nimbus.api.model.NimbusFile,java.lang.String) -> c
    com.kbdunn.nimbus.api.model.NimbusFile copyFileTo(com.kbdunn.nimbus.api.model.NimbusFile,com.kbdunn.nimbus.api.model.NimbusFile) -> e
    java.util.List checkConflicts(com.kbdunn.nimbus.api.model.NimbusFile,com.kbdunn.nimbus.api.model.NimbusFile) -> f
    boolean batchCopy(java.util.List,com.kbdunn.nimbus.api.model.NimbusFile,java.util.List) -> a
    boolean reconcileFolder(com.kbdunn.nimbus.api.model.NimbusFile) -> x
    boolean reconcile(com.kbdunn.nimbus.api.model.NimbusFile) -> y
    java.io.InputStream getZipComressedInputStream(java.util.List) -> c
com.kbdunn.nimbus.api.server.FileShareService -> common.Q:
    com.kbdunn.nimbus.api.model.ShareBlock getShareBlockById(long) -> c
    com.kbdunn.nimbus.api.model.ShareBlock getShareBlockByToken(java.lang.String) -> w
    java.util.List getShareBlocks(com.kbdunn.nimbus.api.model.NimbusUser) -> d
    java.util.List getAccessibleShareBlocks(com.kbdunn.nimbus.api.model.NimbusUser) -> e
    boolean shareBlockNameExistsForUser(com.kbdunn.nimbus.api.model.NimbusUser,java.lang.String,com.kbdunn.nimbus.api.model.ShareBlock) -> a
    boolean shareBlockNameExistsForUser(com.kbdunn.nimbus.api.model.ShareBlock,java.lang.String) -> a
    boolean save(com.kbdunn.nimbus.api.model.ShareBlock) -> b
    boolean delete(com.kbdunn.nimbus.api.model.ShareBlock) -> c
    void incrementVisitCount(com.kbdunn.nimbus.api.model.ShareBlock) -> d
    com.kbdunn.nimbus.api.model.NimbusUser getShareBlockOwner(com.kbdunn.nimbus.api.model.ShareBlock) -> e
    java.util.List getShareBlockFiles(com.kbdunn.nimbus.api.model.ShareBlock) -> f
    com.kbdunn.nimbus.api.model.ShareBlockFile getShareBlockFileByPath(com.kbdunn.nimbus.api.model.ShareBlock,java.lang.String) -> b
    com.kbdunn.nimbus.api.model.ShareBlockFile getShareBlockFile(com.kbdunn.nimbus.api.model.ShareBlock,com.kbdunn.nimbus.api.model.NimbusFile) -> a
    com.kbdunn.nimbus.api.model.NimbusFile getShareBlockWorkingFolder(com.kbdunn.nimbus.api.model.ShareBlock) -> g
    java.util.List getContents(com.kbdunn.nimbus.api.model.ShareBlock) -> h
    java.util.List getContents(com.kbdunn.nimbus.api.model.ShareBlock,int,int) -> a
    java.util.List getFolderContents(com.kbdunn.nimbus.api.model.ShareBlock) -> i
    java.util.List getFileContents(com.kbdunn.nimbus.api.model.ShareBlock) -> j
    java.util.List getImageContents(com.kbdunn.nimbus.api.model.ShareBlock) -> k
    java.lang.String getRelativePath(com.kbdunn.nimbus.api.model.ShareBlock,com.kbdunn.nimbus.api.model.NimbusFile) -> b
    com.kbdunn.nimbus.api.model.NimbusFile resolveRelativePath(com.kbdunn.nimbus.api.model.ShareBlock,java.lang.String) -> c
    long getRecursiveContentSize(com.kbdunn.nimbus.api.model.ShareBlock) -> l
    int getContentCount(com.kbdunn.nimbus.api.model.ShareBlock) -> m
    int getRecursiveContentCount(com.kbdunn.nimbus.api.model.ShareBlock) -> n
    int getFolderCount(com.kbdunn.nimbus.api.model.ShareBlock) -> o
    int getFileCount(com.kbdunn.nimbus.api.model.ShareBlock) -> p
    boolean saveShareBlockNimbusFiles(com.kbdunn.nimbus.api.model.ShareBlock,java.util.List) -> a
    boolean saveShareBlockFiles(com.kbdunn.nimbus.api.model.ShareBlock,java.util.List) -> b
    boolean removeSharedFile(com.kbdunn.nimbus.api.model.ShareBlockFile) -> a
    boolean addFileToShareBlock(com.kbdunn.nimbus.api.model.ShareBlock,com.kbdunn.nimbus.api.model.NimbusFile) -> c
    boolean addFileToShareBlock(com.kbdunn.nimbus.api.model.ShareBlock,com.kbdunn.nimbus.api.model.NimbusFile,java.lang.String) -> a
    boolean removeFileFromShareBlock(com.kbdunn.nimbus.api.model.ShareBlock,com.kbdunn.nimbus.api.model.NimbusFile) -> d
    com.kbdunn.nimbus.api.model.ShareBlockAccess getShareBlockAccess(com.kbdunn.nimbus.api.model.ShareBlock,com.kbdunn.nimbus.api.model.NimbusUser) -> a
    boolean saveShareBlockAccess(com.kbdunn.nimbus.api.model.ShareBlock,java.util.List) -> c
    boolean save(com.kbdunn.nimbus.api.model.ShareBlockAccess) -> a
    java.util.List getShareBlockAccess(com.kbdunn.nimbus.api.model.ShareBlock) -> q
    com.kbdunn.nimbus.api.model.ShareBlockAccess getUserAccessToShareBlock(com.kbdunn.nimbus.api.model.NimbusUser,com.kbdunn.nimbus.api.model.ShareBlock) -> a
    com.kbdunn.nimbus.api.model.ShareBlockAccess getOwnerAccess(com.kbdunn.nimbus.api.model.ShareBlock) -> r
    boolean setAccess(com.kbdunn.nimbus.api.model.ShareBlock,com.kbdunn.nimbus.api.model.NimbusUser,boolean,boolean,boolean) -> a
    java.util.List getRecipients(com.kbdunn.nimbus.api.model.ShareBlock) -> s
    boolean setRecipients(com.kbdunn.nimbus.api.model.ShareBlock,java.util.List) -> d
    boolean addRecipient(com.kbdunn.nimbus.api.model.ShareBlockRecipient) -> a
    boolean addRecipients(java.util.List) -> d
com.kbdunn.nimbus.api.server.MediaLibraryService -> common.R:
    void setSongAttributes(com.kbdunn.nimbus.api.model.Song) -> a
    boolean save(com.kbdunn.nimbus.api.model.Song) -> b
    java.util.List getSongs(com.kbdunn.nimbus.api.model.NimbusUser) -> f
    java.util.List getSongs(com.kbdunn.nimbus.api.model.NimbusUser,int,int) -> a
    int getSongCount(com.kbdunn.nimbus.api.model.NimbusUser) -> g
    void setVideoAttributes(com.kbdunn.nimbus.api.model.Video) -> a
    java.util.List getVideos(com.kbdunn.nimbus.api.model.NimbusUser) -> h
    java.util.List getVideos(com.kbdunn.nimbus.api.model.NimbusUser,int,int) -> b
    int getVideoCount(com.kbdunn.nimbus.api.model.NimbusUser) -> i
    java.util.List getPlaylists(com.kbdunn.nimbus.api.model.NimbusUser) -> j
    java.util.List getPlaylists(com.kbdunn.nimbus.api.model.NimbusUser,int,int) -> c
    int getPlaylistCount(com.kbdunn.nimbus.api.model.NimbusUser) -> k
    com.kbdunn.nimbus.api.model.Playlist getPlaylistByName(com.kbdunn.nimbus.api.model.NimbusUser,java.lang.String) -> a
    boolean save(com.kbdunn.nimbus.api.model.Playlist) -> b
    boolean delete(com.kbdunn.nimbus.api.model.Playlist) -> c
    boolean setPlaylistSongs(com.kbdunn.nimbus.api.model.Playlist,java.util.List) -> a
    java.util.List getPlaylistSongs(com.kbdunn.nimbus.api.model.Playlist) -> d
    java.util.List getPlaylistSongs(com.kbdunn.nimbus.api.model.Playlist,int,int) -> a
    int getPlaylistSongCount(com.kbdunn.nimbus.api.model.Playlist) -> e
    com.kbdunn.nimbus.api.model.Album getAlbumByName(com.kbdunn.nimbus.api.model.NimbusUser,java.lang.String,java.lang.String) -> a
    java.util.List getAlbums(com.kbdunn.nimbus.api.model.NimbusUser) -> l
    java.util.List getAlbums(com.kbdunn.nimbus.api.model.NimbusUser,int,int) -> d
    int getAlbumCount(com.kbdunn.nimbus.api.model.NimbusUser) -> m
    java.util.List getAlbumSongs(com.kbdunn.nimbus.api.model.NimbusUser,com.kbdunn.nimbus.api.model.Album) -> a
    java.util.List getAlbumSongs(com.kbdunn.nimbus.api.model.NimbusUser,com.kbdunn.nimbus.api.model.Album,int,int) -> a
    int getAlbumSongCount(com.kbdunn.nimbus.api.model.NimbusUser,com.kbdunn.nimbus.api.model.Album) -> b
    com.kbdunn.nimbus.api.model.Artist getArtistByName(com.kbdunn.nimbus.api.model.NimbusUser,java.lang.String) -> b
    java.util.List getArtists(com.kbdunn.nimbus.api.model.NimbusUser) -> n
    java.util.List getArtists(com.kbdunn.nimbus.api.model.NimbusUser,int,int) -> e
    int getArtistCount(com.kbdunn.nimbus.api.model.NimbusUser) -> o
    java.util.List getArtistAlbums(com.kbdunn.nimbus.api.model.NimbusUser,com.kbdunn.nimbus.api.model.Artist) -> a
    java.util.List getArtistSongs(com.kbdunn.nimbus.api.model.NimbusUser,com.kbdunn.nimbus.api.model.Artist) -> b
    java.util.List getArtistSongs(com.kbdunn.nimbus.api.model.NimbusUser,com.kbdunn.nimbus.api.model.Artist,int,int) -> a
    int getArtistSongCount(com.kbdunn.nimbus.api.model.NimbusUser,com.kbdunn.nimbus.api.model.Artist) -> c
com.kbdunn.nimbus.api.server.OAuthService -> common.S:
    com.kbdunn.nimbus.api.model.OAuthCredential getOAuthCredential(com.kbdunn.nimbus.api.model.NimbusUser,com.kbdunn.nimbus.api.security.OAuthAPIService$Type) -> a
    java.util.List getOAuthCredentials(com.kbdunn.nimbus.api.model.NimbusUser) -> p
    com.kbdunn.nimbus.api.security.OAuthAPIService getOAuthAPIService(com.kbdunn.nimbus.api.model.NimbusUser,com.kbdunn.nimbus.api.security.OAuthAPIService$Type) -> b
    com.github.scribejava.core.model.OAuth2AccessToken refreshAccessToken(com.kbdunn.nimbus.api.security.OAuth20API) -> a
    boolean save(com.kbdunn.nimbus.api.model.OAuthCredential) -> a
    boolean delete(com.kbdunn.nimbus.api.model.OAuthCredential) -> b
    boolean delete(com.kbdunn.nimbus.api.model.NimbusUser,com.kbdunn.nimbus.api.security.OAuthAPIService$Type) -> c
com.kbdunn.nimbus.api.server.PropertiesService -> common.T:
    boolean isDevMode() -> aP
    boolean isDemoMode() -> aQ
    java.lang.String getDemoUsername() -> aR
    java.lang.String getNimbusHome() -> aS
    java.lang.String getDbDriver() -> aT
    java.lang.String getDbConnectString() -> aU
    java.lang.String getDbUser() -> aV
    java.lang.String getDbPassword() -> aW
    java.lang.Integer getHttpPort() -> aX
    java.lang.Boolean isSslEnabled() -> aY
    java.lang.String getKeystorePassword() -> aZ
    java.lang.String getKeystorePath() -> ba
    java.lang.String getTruststorePath() -> bb
    java.lang.String getTruststorePassword() -> bc
    java.lang.String getKeyManagerPassword() -> bd
    java.lang.Integer getHttpsPort() -> be
    java.lang.String getNimbusVersion() -> bf
    boolean isAutoScan() -> bg
    void setAutoScan(boolean) -> d
com.kbdunn.nimbus.api.server.StorageService -> common.U:
    com.kbdunn.nimbus.api.model.HardDrive getHardDriveByUuid(java.lang.String) -> x
    com.kbdunn.nimbus.api.model.StorageDevice getStorageDeviceById(long) -> d
    com.kbdunn.nimbus.api.model.StorageDevice getStorageDeviceByPath(java.lang.String) -> y
    long getUsedBytes(com.kbdunn.nimbus.api.model.StorageDevice) -> c
    boolean storageDeviceIsAvailable(com.kbdunn.nimbus.api.model.StorageDevice) -> d
    boolean isValidNewFilesystemLocationPath(java.lang.String) -> z
    com.kbdunn.nimbus.api.model.HardDrive getDriveFromBlock(com.kbdunn.nimbus.api.model.BlkidBlock) -> a
    java.util.List getAllStorageDevices() -> bh
    java.util.List getStorageDevicesAssignedToUser(com.kbdunn.nimbus.api.model.NimbusUser) -> q
    java.util.List getUsersAssignedToStorageDevice(com.kbdunn.nimbus.api.model.StorageDevice) -> e
    boolean assignDriveToUser(com.kbdunn.nimbus.api.model.StorageDevice,com.kbdunn.nimbus.api.model.NimbusUser) -> a
    boolean revokeDriveFromUser(com.kbdunn.nimbus.api.model.StorageDevice,com.kbdunn.nimbus.api.model.NimbusUser) -> b
    boolean setAssignedUserStorageDevices(com.kbdunn.nimbus.api.model.NimbusUser,java.util.List) -> a
    boolean delete(com.kbdunn.nimbus.api.model.StorageDevice) -> f
    boolean save(com.kbdunn.nimbus.api.model.StorageDevice) -> g
    java.util.List getAssignedStorageDevices() -> bi
    java.util.List getConnectedHardDrives() -> bj
    java.util.List getAvailableHardDrives() -> bk
    void scanAndMountUSBHardDrives() -> bl
    void resetReconciliation() -> bm
com.kbdunn.nimbus.api.server.UserService -> common.V:
    java.lang.Integer getUserCount() -> bn
    java.util.List getAllUsers() -> bo
    com.kbdunn.nimbus.api.model.NimbusUser getUserById(java.lang.Long) -> k
    com.kbdunn.nimbus.api.model.NimbusUser getUserByNameOrEmail(java.lang.String) -> A
    com.kbdunn.nimbus.api.model.NimbusUser getUserByApiToken(java.lang.String) -> B
    com.kbdunn.nimbus.api.model.NimbusFile resolveRelativePath(com.kbdunn.nimbus.api.model.NimbusUser,com.kbdunn.nimbus.api.model.StorageDevice,java.lang.String) -> a
    com.kbdunn.nimbus.api.model.SMTPSettings getSmtpSettings(com.kbdunn.nimbus.api.model.NimbusUser) -> r
    void updateSmtpSettings(com.kbdunn.nimbus.api.model.SMTPSettings) -> a
    java.lang.String getUserRootFolderPath(com.kbdunn.nimbus.api.model.NimbusUser,com.kbdunn.nimbus.api.model.StorageDevice) -> a
    java.lang.String getUserHomeFolderPath(com.kbdunn.nimbus.api.model.NimbusUser,com.kbdunn.nimbus.api.model.StorageDevice) -> b
    com.kbdunn.nimbus.api.model.NimbusFile getUserRootFolder(com.kbdunn.nimbus.api.model.NimbusUser,com.kbdunn.nimbus.api.model.StorageDevice) -> c
    com.kbdunn.nimbus.api.model.NimbusFile getUserHomeFolder(com.kbdunn.nimbus.api.model.NimbusUser,com.kbdunn.nimbus.api.model.StorageDevice) -> d
    java.lang.String getTempFolderPath(com.kbdunn.nimbus.api.model.NimbusUser,com.kbdunn.nimbus.api.model.StorageDevice) -> e
    com.kbdunn.nimbus.api.model.NimbusFile getTempFolder(com.kbdunn.nimbus.api.model.NimbusUser,com.kbdunn.nimbus.api.model.StorageDevice) -> f
    java.util.List getAllTempFolders(com.kbdunn.nimbus.api.model.NimbusUser) -> s
    java.lang.Boolean hasDuplicateEmail(com.kbdunn.nimbus.api.model.NimbusUser) -> t
    java.lang.Boolean hasDuplicateName(com.kbdunn.nimbus.api.model.NimbusUser) -> u
    java.lang.String generateTemporaryPassword() -> bp
    java.lang.String getDigestedPassword(java.lang.String) -> C
    boolean validatePassword(java.lang.String,java.lang.String) -> b
    boolean save(com.kbdunn.nimbus.api.model.NimbusUser) -> v
    boolean delete(com.kbdunn.nimbus.api.model.NimbusUser) -> w
    com.kbdunn.nimbus.api.async.EmailTransport getEmailTransport(com.kbdunn.nimbus.api.model.NimbusUser) -> x
com.kbdunn.nimbus.api.util.ComparatorUtil -> common.W:
    5:5:void <init>() -> <init>
    8:16:int nullSafeDateComparator(java.util.Date,java.util.Date) -> a
    20:28:int nullSafeLongComparator(java.lang.Long,java.lang.Long) -> a
    32:40:int nullSafeBooleanComparator(java.lang.Boolean,java.lang.Boolean) -> a
    44:52:int nullSafeStringComparator(java.lang.String,java.lang.String) -> c
com.kbdunn.nimbus.api.util.DateUtil -> common.X:
    java.lang.String DATE_FORMAT -> az
    6:6:void <init>() -> <init>
    11:11:java.text.DateFormat getDateFormat() -> bq
com.kbdunn.nimbus.api.util.EmailUtil -> common.Y:
    15:15:void <init>() -> <init>
    19:26:boolean checkSMTPSettings(com.kbdunn.nimbus.api.model.SMTPSettings) -> b
    30:45:java.util.Properties getSmtpProperties(com.kbdunn.nimbus.api.model.SMTPSettings) -> c
    49:49:javax.mail.Authenticator getAuthenticator(com.kbdunn.nimbus.api.model.SMTPSettings) -> d
    57:62:javax.mail.internet.InternetAddress[] getToAddresses(com.kbdunn.nimbus.api.model.Email) -> b
com.kbdunn.nimbus.api.util.EmailUtil$1 -> common.Y$1:
    com.kbdunn.nimbus.api.model.SMTPSettings val$settings -> aA
    49:49:void <init>(com.kbdunn.nimbus.api.model.SMTPSettings) -> <init>
    51:51:javax.mail.PasswordAuthentication getPasswordAuthentication() -> getPasswordAuthentication
com.kbdunn.nimbus.api.util.FileUtil -> common.Z:
    java.lang.String INVALID_FILENAME_CHARACTERS -> aB
    java.lang.String INVALID_PATH_CHARACTERS -> aC
    3:3:void <init>() -> <init>
    9:9:boolean pathContainsInvalidCharacters(java.lang.String) -> D
    13:13:boolean filenameContainsInvalidCharacters(java.lang.String) -> E
com.kbdunn.nimbus.api.util.OAuthUtil -> common.aa:
    16:16:void <init>() -> <init>
    19:19:com.github.scribejava.core.model.OAuth1AccessToken toOAuth1AccessToken(com.kbdunn.nimbus.api.model.OAuthCredential) -> c
    23:27:com.github.scribejava.core.model.OAuth2AccessToken toOAuth2AccessToken(com.kbdunn.nimbus.api.model.OAuthCredential) -> d
    33:34:com.github.scribejava.core.model.OAuth2AccessToken refreshAccessToken(com.kbdunn.nimbus.api.security.OAuth20API) -> a
    38:47:com.github.scribejava.core.oauth.OAuthService getScribeOAuthService(com.kbdunn.nimbus.api.security.OAuthAPIService) -> a
    51:60:com.github.scribejava.core.model.OAuthRequest signOAuthRequest(com.github.scribejava.core.model.OAuthRequest,com.kbdunn.nimbus.api.security.OAuthAPIService) -> a
com.kbdunn.nimbus.api.util.StringUtil -> common.ab:
    10:10:void <init>() -> <init>
    13:13:java.lang.String toDateString(java.util.Date) -> d
    17:17:java.lang.String toHumanDateString(java.util.Date) -> e
    21:25:java.lang.String toHumanSizeString(long) -> e
    29:30:java.lang.String toHumanPercentage(float) -> c
    34:35:java.lang.String getFileNameFromPath(java.lang.String) -> F
    39:43:java.lang.String getFileExtensionFromPath(java.lang.String) -> G
    48:50:java.lang.String decodeUtf8(java.lang.String) -> H
    56:58:java.lang.String encodeUtf8(java.lang.String) -> I
    64:80:java.lang.String encodeUriUtf8(java.lang.String) -> J
    85:101:java.lang.String decodeUriUtf8(java.lang.String) -> K
    105:109:java.lang.String toDurationString(java.lang.Integer) -> e
    114:117:boolean isLong(java.lang.String) -> L
    122:127:boolean stringContainsInvalidCharacters(java.lang.String,java.lang.String) -> d
