com.kbdunn.nimbus.api.async.AsyncConfiguration -> com.kbdunn.nimbus.a:
    java.lang.String name -> name
    long notifyInterval -> a
    float notifyProgressInterval -> b
    void <init>() -> <init>
    void <init>(java.lang.String) -> <init>
    java.lang.String getName() -> getName
    void setName(java.lang.String) -> setName
    long getNotifyInterval() -> a
    void setNotifyInterval(long) -> a
    float getNotifyProgressInterval() -> b
    void setNotifyProgressInterval(float) -> a
com.kbdunn.nimbus.api.async.AsyncOperation -> com.kbdunn.nimbus.b:
    com.kbdunn.nimbus.api.async.AsyncConfiguration getConfiguration() -> c
    boolean started() -> d
    boolean running() -> e
    boolean finished() -> finished
    boolean succeeded() -> f
    float getProgress() -> g
    java.util.List getProgressListeners() -> h
    java.util.List getFinishedListeners() -> i
    void addProgressListener(com.kbdunn.nimbus.api.async.ProgressListener) -> a
    void removeProgressListener(com.kbdunn.nimbus.api.async.ProgressListener) -> b
    void addFinishedListener(com.kbdunn.nimbus.api.async.FinishedListener) -> a
    void removeFinishedListener(com.kbdunn.nimbus.api.async.FinishedListener) -> b
com.kbdunn.nimbus.api.async.AsyncOperationQueue -> com.kbdunn.nimbus.c:
    int getOperationCount() -> j
    int getFinishedCount() -> k
    java.util.List getOperations() -> getOperations
com.kbdunn.nimbus.api.async.EmailTransport -> com.kbdunn.nimbus.d:
    void send(com.kbdunn.nimbus.api.model.Email) -> a
    java.lang.String getEmailAddress() -> l
    boolean testConnection() -> m
com.kbdunn.nimbus.api.async.FinishedListener -> com.kbdunn.nimbus.e:
    void operationFinished(com.kbdunn.nimbus.api.async.AsyncOperation) -> a
com.kbdunn.nimbus.api.async.ProgressListener -> com.kbdunn.nimbus.f:
    void operationProgressed(float) -> b
com.kbdunn.nimbus.api.async.UploadActionProcessor -> com.kbdunn.nimbus.g:
    void handleUpload() -> n
    com.kbdunn.nimbus.api.model.NimbusFile getUploadDirectory() -> o
    boolean userCanUploadFile(com.kbdunn.nimbus.api.model.NimbusFile) -> a
    void processFinishedMultiUpload() -> p
    void processFinishedUpload(com.kbdunn.nimbus.api.model.NimbusFile,boolean) -> a
com.kbdunn.nimbus.api.async.VaadinUploadOperation -> com.kbdunn.nimbus.h:
com.kbdunn.nimbus.api.client.NimbusConnection -> com.kbdunn.nimbus.i:
    java.lang.String API_PATH -> c
    java.net.URL url -> url
    java.lang.String apiToken -> d
    java.lang.String hmacKey -> e
    void <init>(java.lang.String,java.lang.String,java.lang.String) -> <init>
    java.net.URL getUrl() -> q
    void setUrl(java.net.URL) -> a
    java.lang.String getApiEndpoint() -> r
    java.lang.String getApiToken() -> s
    void setApiToken(java.lang.String) -> a
    java.lang.String getHmacKey() -> t
    void setHmacKey(java.lang.String) -> b
com.kbdunn.nimbus.api.exception.AuthenticationException -> com.kbdunn.nimbus.j:
    long serialVersionUID -> serialVersionUID
    void <init>() -> <init>
    void <init>(java.lang.String) -> <init>
com.kbdunn.nimbus.api.exception.EmailConflictException -> com.kbdunn.nimbus.k:
    long serialVersionUID -> serialVersionUID
    void <init>(java.lang.String) -> <init>
com.kbdunn.nimbus.api.exception.FileConflictException -> com.kbdunn.nimbus.l:
    long serialVersionUID -> serialVersionUID
    java.util.List conflicts -> f
    void <init>() -> <init>
    void <init>(com.kbdunn.nimbus.api.model.FileConflict) -> <init>
    void <init>(java.util.List) -> <init>
    void add(com.kbdunn.nimbus.api.model.FileConflict) -> a
    java.util.List getConflicts() -> u
    java.lang.String getMessage() -> getMessage
com.kbdunn.nimbus.api.exception.NimbusException -> com.kbdunn.nimbus.m:
    long serialVersionUID -> serialVersionUID
    void <init>(java.lang.String) -> <init>
    void <init>(java.lang.Throwable) -> <init>
com.kbdunn.nimbus.api.exception.NullEmailTransportException -> com.kbdunn.nimbus.n:
    long serialVersionUID -> serialVersionUID
    void <init>(com.kbdunn.nimbus.api.model.NimbusUser) -> <init>
com.kbdunn.nimbus.api.exception.OAuthAuthenticationException -> com.kbdunn.nimbus.o:
    long serialVersionUID -> serialVersionUID
    void <init>(com.kbdunn.nimbus.api.model.NimbusUser,com.kbdunn.nimbus.api.security.OAuthAPIService$Type) -> <init>
    void <init>(java.lang.Long,com.kbdunn.nimbus.api.security.OAuthAPIService$Type) -> <init>
com.kbdunn.nimbus.api.exception.ShareBlockNameConflictException -> com.kbdunn.nimbus.p:
    long serialVersionUID -> serialVersionUID
    void <init>(java.lang.String) -> <init>
com.kbdunn.nimbus.api.exception.UsernameConflictException -> com.kbdunn.nimbus.q:
    long serialVersionUID -> serialVersionUID
    void <init>(java.lang.String) -> <init>
com.kbdunn.nimbus.api.model.Album -> com.kbdunn.nimbus.r:
    java.lang.String UNKNOWN -> UNKNOWN
    java.lang.String name -> name
    java.lang.String artistName -> g
    void <init>(java.lang.String,java.lang.String) -> <init>
    java.lang.String getName() -> getName
    void setName(java.lang.String) -> setName
    java.lang.String getArtistName() -> v
    void setArtistName(java.lang.String) -> c
    int hashCode() -> hashCode
    boolean equals(java.lang.Object) -> equals
    java.lang.String toString() -> toString
    int compareTo(com.kbdunn.nimbus.api.model.Album) -> a
    int compareTo(java.lang.Object) -> compareTo
com.kbdunn.nimbus.api.model.Artist -> com.kbdunn.nimbus.s:
    java.lang.String UNKNOWN -> UNKNOWN
    java.lang.String name -> name
    void <init>(java.lang.String) -> <init>
    java.lang.String getName() -> getName
    void setName(java.lang.String) -> setName
    int hashCode() -> hashCode
    boolean equals(java.lang.Object) -> equals
    java.lang.String toString() -> toString
    int compareTo(com.kbdunn.nimbus.api.model.Artist) -> a
    int compareTo(java.lang.Object) -> compareTo
com.kbdunn.nimbus.api.model.BlkidBlock -> com.kbdunn.nimbus.t:
    java.lang.String path -> path
    java.lang.String uuid -> h
    java.lang.String label -> i
    java.lang.String type -> type
    void <init>() -> <init>
    void setPath(java.lang.String) -> setPath
    void setUuid(java.lang.String) -> d
    void setLabel(java.lang.String) -> setLabel
    void setType(java.lang.String) -> setType
    java.lang.String getPath() -> getPath
    java.lang.String getUuid() -> w
    java.lang.String getLabel() -> getLabel
    java.lang.String getType() -> getType
com.kbdunn.nimbus.api.model.Email -> com.kbdunn.nimbus.u:
    com.kbdunn.nimbus.api.model.NimbusUser from -> j
    java.util.List recipients -> k
    java.lang.String subject -> subject
    java.lang.String body -> l
    void <init>(com.kbdunn.nimbus.api.model.NimbusUser,com.kbdunn.nimbus.api.model.NimbusUser) -> <init>
    void <init>(com.kbdunn.nimbus.api.model.NimbusUser,java.lang.String) -> <init>
    void <init>(com.kbdunn.nimbus.api.model.NimbusUser,java.util.List) -> <init>
    com.kbdunn.nimbus.api.model.NimbusUser getFrom() -> x
    void setFrom(com.kbdunn.nimbus.api.model.NimbusUser) -> a
    java.util.List getRecipients() -> y
    void setRecipients(java.util.List) -> a
    void addRecipient(java.lang.String) -> e
    java.lang.String getSubject() -> getSubject
    void setSubject(java.lang.String) -> setSubject
    java.lang.String getBody() -> getBody
    void setBody(java.lang.String) -> f
com.kbdunn.nimbus.api.model.FileConflict -> com.kbdunn.nimbus.v:
    com.kbdunn.nimbus.api.model.NimbusFile source -> m
    com.kbdunn.nimbus.api.model.NimbusFile target -> n
    com.kbdunn.nimbus.api.model.FileConflict$Resolution resolution -> o
    void <init>(com.kbdunn.nimbus.api.model.NimbusFile,com.kbdunn.nimbus.api.model.NimbusFile) -> <init>
    com.kbdunn.nimbus.api.model.NimbusFile getSource() -> z
    com.kbdunn.nimbus.api.model.NimbusFile getTarget() -> A
    void setResolution(com.kbdunn.nimbus.api.model.FileConflict$Resolution) -> a
    com.kbdunn.nimbus.api.model.FileConflict$Resolution getResolution() -> B
com.kbdunn.nimbus.api.model.FileConflict$Resolution -> com.kbdunn.nimbus.w:
    com.kbdunn.nimbus.api.model.FileConflict$Resolution IGNORE -> p
    com.kbdunn.nimbus.api.model.FileConflict$Resolution REPLACE -> q
    com.kbdunn.nimbus.api.model.FileConflict$Resolution COPY -> r
    com.kbdunn.nimbus.api.model.FileConflict$Resolution[] $VALUES -> s
    com.kbdunn.nimbus.api.model.FileConflict$Resolution[] values() -> C
    com.kbdunn.nimbus.api.model.FileConflict$Resolution valueOf(java.lang.String) -> g
    void <init>(java.lang.String,int) -> <init>
    void <clinit>() -> <clinit>
com.kbdunn.nimbus.api.model.FileContainer -> com.kbdunn.nimbus.x:
    java.lang.String getPath() -> getPath
    java.lang.String getName() -> getName
com.kbdunn.nimbus.api.model.FilesystemLocation -> com.kbdunn.nimbus.y:
    java.lang.String TYPE -> TYPE
    java.lang.Long id -> t
    java.lang.String name -> name
    java.lang.String path -> path
    java.lang.Boolean isReconciled -> u
    java.lang.Boolean isAutonomous -> v
    java.util.Date created -> w
    java.util.Date updated -> x
    void <init>() -> <init>
    void <init>(java.lang.Long,java.lang.String,java.lang.String,java.lang.Boolean,java.lang.Boolean,java.util.Date,java.util.Date) -> <init>
    java.lang.String getType() -> getType
    java.lang.Long getId() -> D
    void setId(java.lang.Long) -> a
    java.lang.String getName() -> getName
    void setName(java.lang.String) -> setName
    java.lang.String getPath() -> getPath
    void setPath(java.lang.String) -> setPath
    boolean isReconciled() -> E
    void setReconciled(boolean) -> a
    boolean isAutonomous() -> F
    void setAutonomous(boolean) -> b
    java.util.Date getCreated() -> getCreated
    void setCreated(java.util.Date) -> a
    java.util.Date getUpdated() -> G
    void setUpdated(java.util.Date) -> b
    int hashCode() -> hashCode
    boolean equals(java.lang.Object) -> equals
    java.lang.String toString() -> toString
    int compareTo(com.kbdunn.nimbus.api.model.StorageDevice) -> a
    int compareTo(java.lang.Object) -> compareTo
com.kbdunn.nimbus.api.model.HardDrive -> com.kbdunn.nimbus.z:
    java.lang.Long id -> t
    java.lang.String name -> name
    java.lang.String path -> path
    java.lang.String devicePath -> y
    java.lang.String label -> i
    java.lang.String uuid -> h
    java.lang.Boolean isConnected -> z
    java.lang.Boolean isMounted -> A
    java.lang.Boolean isReconciled -> u
    java.lang.Boolean isAutonomous -> v
    java.lang.String type -> type
    java.lang.Long size -> B
    java.lang.Long used -> C
    java.util.Date created -> w
    java.util.Date updated -> x
    void <init>() -> <init>
    void <init>(java.lang.Long,java.lang.String,java.lang.String,java.lang.String,java.lang.String,java.lang.String,java.lang.String,java.lang.Boolean,java.lang.Boolean,java.lang.Boolean,java.lang.Boolean,java.lang.Long,java.lang.Long,java.util.Date,java.util.Date) -> <init>
    java.lang.Long getId() -> D
    void setId(java.lang.Long) -> a
    java.lang.String getName() -> getName
    void setName(java.lang.String) -> setName
    java.lang.String getPath() -> getPath
    void setPath(java.lang.String) -> setPath
    java.lang.String getDevicePath() -> H
    void setDevicePath(java.lang.String) -> h
    java.lang.String getLabel() -> getLabel
    void setLabel(java.lang.String) -> setLabel
    java.lang.String getUuid() -> w
    void setUuid(java.lang.String) -> d
    boolean isConnected() -> isConnected
    void setConnected(java.lang.Boolean) -> a
    boolean isMounted() -> I
    void setMounted(java.lang.Boolean) -> b
    boolean isReconciled() -> E
    void setReconciled(boolean) -> a
    boolean isAutonomous() -> F
    void setAutonomous(boolean) -> b
    java.lang.String getType() -> getType
    void setType(java.lang.String) -> setType
    java.lang.Long getSize() -> J
    void setSize(java.lang.Long) -> b
    java.lang.Long getUsed() -> K
    void setUsed(java.lang.Long) -> c
    java.lang.Long getAvailable() -> L
    java.lang.Double getUsedPercentage() -> M
    java.util.Date getCreated() -> getCreated
    void setCreated(java.util.Date) -> a
    java.util.Date getUpdated() -> G
    void setUpdated(java.util.Date) -> b
    int hashCode() -> hashCode
    boolean equals(java.lang.Object) -> equals
    java.lang.String toString() -> toString
    int compareTo(com.kbdunn.nimbus.api.model.StorageDevice) -> a
    int compareTo(java.lang.Object) -> compareTo
com.kbdunn.nimbus.api.model.MediaGroup -> com.kbdunn.nimbus.A:
    java.lang.String getName() -> getName
com.kbdunn.nimbus.api.model.Message -> com.kbdunn.nimbus.B:
    java.lang.Long id -> t
    java.lang.Long userId -> D
    java.lang.String message -> message
    java.util.Date created -> w
    java.util.Date updated -> x
    void <init>(java.lang.Long,java.lang.Long,java.lang.String,java.util.Date,java.util.Date) -> <init>
    java.lang.Long getId() -> D
    void setId(java.lang.Long) -> a
    java.lang.Long getUserId() -> N
    void setUserId(java.lang.Long) -> d
    java.lang.String getMessage() -> getMessage
    void setMessage(java.lang.String) -> setMessage
    java.util.Date getCreated() -> getCreated
    void setCreated(java.util.Date) -> a
    java.util.Date getUpdated() -> G
    void setUpdated(java.util.Date) -> b
    java.lang.String toString() -> toString
    int hashCode() -> hashCode
    boolean equals(java.lang.Object) -> equals
com.kbdunn.nimbus.api.model.NimbusFile -> com.kbdunn.nimbus.C:
    java.lang.Long id -> t
    java.lang.Long userId -> D
    java.lang.Long storageDeviceId -> E
    java.lang.String path -> path
    java.lang.Long size -> B
    java.lang.Boolean isSong -> F
    java.lang.Boolean isVideo -> G
    java.lang.Boolean isImage -> H
    java.lang.Boolean isDirectory -> I
    java.lang.Boolean isReconciled -> u
    java.lang.Long lastReconciled -> J
    java.lang.Boolean isLibraryRemoved -> K
    java.util.Date created -> w
    java.util.Date updated -> x
    void <init>(java.lang.Long,java.lang.Long,java.lang.Long,java.lang.String,java.lang.Boolean,java.lang.Long,java.lang.Boolean,java.lang.Boolean,java.lang.Boolean,java.lang.Boolean,java.lang.Long,java.lang.Boolean,java.util.Date,java.util.Date) -> <init>
    void <init>(com.kbdunn.nimbus.api.model.NimbusFile) -> <init>
    java.lang.Long getId() -> D
    void setId(java.lang.Long) -> a
    java.lang.Long getUserId() -> N
    void setUserId(java.lang.Long) -> d
    java.lang.Long getStorageDeviceId() -> O
    void setStorageDeviceId(java.lang.Long) -> e
    java.lang.String getPath() -> getPath
    void setPath(java.lang.String) -> setPath
    java.lang.String getFileExtension() -> getFileExtension
    java.lang.Long getSize() -> J
    void setSize(java.lang.Long) -> b
    boolean isDirectory() -> isDirectory
    void setDirectory(java.lang.Boolean) -> c
    boolean isReconciled() -> E
    void setReconciled(java.lang.Boolean) -> d
    java.lang.Long getLastReconciled() -> P
    void setLastReconciled(java.lang.Long) -> f
    boolean isSong() -> Q
    void setSong(java.lang.Boolean) -> e
    boolean isVideo() -> R
    void setVideo(java.lang.Boolean) -> f
    boolean isImage() -> S
    void setImage(java.lang.Boolean) -> g
    boolean isLibraryRemoved() -> T
    void setIsLibraryRemoved(java.lang.Boolean) -> h
    java.util.Date getCreated() -> getCreated
    void setCreated(java.util.Date) -> a
    java.util.Date getUpdated() -> G
    void setUpdated(java.util.Date) -> b
    java.lang.String getName() -> getName
    java.lang.String toString() -> toString
    int hashCode() -> hashCode
    boolean equals(java.lang.Object) -> equals
    int compareTo(com.kbdunn.nimbus.api.model.NimbusFile) -> b
    int compareTo(java.lang.Object) -> compareTo
com.kbdunn.nimbus.api.model.NimbusRecord -> com.kbdunn.nimbus.D:
    java.lang.Long getId() -> D
    void setId(java.lang.Long) -> a
    java.util.Date getCreated() -> getCreated
    void setCreated(java.util.Date) -> a
    java.util.Date getUpdated() -> G
    void setUpdated(java.util.Date) -> b
com.kbdunn.nimbus.api.model.NimbusUser -> com.kbdunn.nimbus.E:
    java.lang.Long id -> t
    java.lang.String name -> name
    java.lang.String email -> L
    java.lang.String passwordDigest -> M
    java.lang.String apiToken -> d
    java.lang.String hmacKey -> e
    java.lang.Boolean isPasswordTemporary -> N
    java.lang.Boolean isAdministrator -> O
    java.lang.Boolean isOwner -> P
    com.kbdunn.nimbus.api.security.OAuthAPIService$Type oAuthEmailService -> Q
    java.util.Date created -> w
    java.util.Date updated -> x
    void <init>() -> <init>
    void <init>(java.lang.Long,java.lang.String,java.lang.String,java.lang.String,java.lang.String,java.lang.String,java.lang.Boolean,java.lang.Boolean,java.lang.Boolean,com.kbdunn.nimbus.api.security.OAuthAPIService$Type,java.util.Date,java.util.Date) -> <init>
    void <init>(com.kbdunn.nimbus.api.model.NimbusUser) -> <init>
    java.lang.Long getId() -> D
    void setId(java.lang.Long) -> a
    java.lang.String getName() -> getName
    void setName(java.lang.String) -> setName
    java.lang.String getEmail() -> U
    void setEmail(java.lang.String) -> i
    java.lang.String getHmacKey() -> t
    void setHmacKey(java.lang.String) -> b
    java.lang.String getApiToken() -> s
    void setApiToken(java.lang.String) -> a
    java.lang.String getPasswordDigest() -> V
    void setPasswordDigest(java.lang.String) -> j
    boolean isPasswordTemporary() -> W
    void setPasswordTemporary(java.lang.Boolean) -> i
    boolean isAdministrator() -> X
    void setAdministrator(java.lang.Boolean) -> j
    boolean isOwner() -> Y
    void setOwner(java.lang.Boolean) -> k
    com.kbdunn.nimbus.api.security.OAuthAPIService$Type getEmailServiceName() -> Z
    void setEmailServiceName(com.kbdunn.nimbus.api.security.OAuthAPIService$Type) -> a
    java.util.Date getCreated() -> getCreated
    void setCreated(java.util.Date) -> a
    java.util.Date getUpdated() -> G
    void setUpdated(java.util.Date) -> b
    int hashCode() -> hashCode
    boolean equals(java.lang.Object) -> equals
    java.lang.String toString() -> toString
    int compareTo(com.kbdunn.nimbus.api.model.NimbusUser) -> b
    int compareTo(java.lang.Object) -> compareTo
com.kbdunn.nimbus.api.model.OAuthCredential -> com.kbdunn.nimbus.F:
    java.lang.Long id -> t
    java.lang.Long userId -> D
    com.kbdunn.nimbus.api.security.OAuthAPIService$Type service -> R
    java.lang.String accessToken -> S
    java.lang.String refreshToken -> T
    java.lang.Integer expiresIn -> U
    java.lang.Long lastRefresh -> V
    java.lang.String tokenType -> W
    java.lang.String oAuth1PublicToken -> X
    java.lang.String scope -> Y
    java.util.Date created -> w
    java.util.Date updated -> x
    void <init>(java.lang.Long,java.lang.Long,com.kbdunn.nimbus.api.security.OAuthAPIService$Type,java.lang.String,java.lang.String,java.lang.Integer,java.lang.Long,java.lang.String,java.lang.String,java.lang.String,java.util.Date,java.util.Date) -> <init>
    void <init>(com.kbdunn.nimbus.api.model.NimbusUser,com.github.scribejava.core.model.Token,com.kbdunn.nimbus.api.security.OAuthAPIService$Type) -> <init>
    java.lang.Long getId() -> D
    void setId(java.lang.Long) -> a
    java.lang.Long getUserId() -> N
    void setUserId(java.lang.Long) -> d
    com.kbdunn.nimbus.api.security.OAuthAPIService$Type getServiceName() -> aa
    void setServiceName(com.kbdunn.nimbus.api.security.OAuthAPIService$Type) -> b
    java.lang.String getAccessToken() -> getAccessToken
    void setAccessToken(java.lang.String) -> k
    java.lang.String getRefreshToken() -> getRefreshToken
    void setRefreshToken(java.lang.String) -> l
    java.lang.Integer getExpiresIn() -> getExpiresIn
    void setExpiresIn(java.lang.Integer) -> a
    java.lang.Long getLastRefresh() -> ab
    void setLastRefresh(java.lang.Long) -> g
    java.lang.String getTokenType() -> getTokenType
    void setTokenType(java.lang.String) -> m
    java.lang.String getOAuth1PublicToken() -> ac
    void setOAuth1PublicToken(java.lang.String) -> n
    java.lang.String getScope() -> getScope
    void setScope(java.lang.String) -> setScope
    java.util.Date getCreated() -> getCreated
    void setCreated(java.util.Date) -> a
    java.util.Date getUpdated() -> G
    void setUpdated(java.util.Date) -> b
    int hashCode() -> hashCode
    boolean equals(java.lang.Object) -> equals
    java.lang.String toString() -> toString
com.kbdunn.nimbus.api.model.Playlist -> com.kbdunn.nimbus.G:
    java.lang.Long id -> t
    java.lang.Long userId -> D
    java.lang.String name -> name
    java.util.Date created -> w
    java.util.Date updated -> x
    void <init>(java.lang.Long,java.lang.String) -> <init>
    void <init>(java.lang.Long,java.lang.Long,java.lang.String,java.util.Date,java.util.Date) -> <init>
    java.lang.Long getId() -> D
    void setId(java.lang.Long) -> a
    java.lang.Long getUserId() -> N
    void setUserId(java.lang.Long) -> d
    java.lang.String getName() -> getName
    void setName(java.lang.String) -> setName
    java.util.Date getCreated() -> getCreated
    void setCreated(java.util.Date) -> a
    java.util.Date getUpdated() -> G
    void setUpdated(java.util.Date) -> b
    java.lang.String toString() -> toString
    int hashCode() -> hashCode
    boolean equals(java.lang.Object) -> equals
    int compareTo(com.kbdunn.nimbus.api.model.Playlist) -> a
    int compareTo(java.lang.Object) -> compareTo
com.kbdunn.nimbus.api.model.SMTPSettings -> com.kbdunn.nimbus.H:
    java.lang.Long userId -> D
    java.lang.String smtpServer -> Z
    java.lang.String smtpPort -> aa
    java.lang.String sslPort -> ab
    java.lang.String username -> ac
    java.lang.String password -> password
    java.lang.Boolean isSSLEnabled -> ad
    void <init>(java.lang.Long) -> <init>
    void <init>(java.lang.Long,java.lang.String,java.lang.String,java.lang.String,java.lang.String,java.lang.String,java.lang.Boolean) -> <init>
    java.lang.Long getUserId() -> N
    void setUserId(java.lang.Long) -> d
    java.lang.String getSmtpServer() -> ad
    void setSmtpServer(java.lang.String) -> o
    java.lang.String getSmtpPort() -> ae
    void setSmtpPort(java.lang.String) -> p
    java.lang.String getSslPort() -> af
    void setSslPort(java.lang.String) -> q
    java.lang.String getUsername() -> getUsername
    void setUsername(java.lang.String) -> setUsername
    java.lang.String getPassword() -> getPassword
    void setPassword(java.lang.String) -> setPassword
    boolean isSSLEnabled() -> ag
    void setSslEnabled(java.lang.Boolean) -> l
    boolean noAttributesSet() -> ah
    int hashCode() -> hashCode
    boolean equals(java.lang.Object) -> equals
    java.lang.String toString() -> toString
com.kbdunn.nimbus.api.model.ShareBlock -> com.kbdunn.nimbus.I:
    java.lang.Long id -> t
    java.lang.Long userId -> D
    java.lang.Boolean isExternal -> ae
    java.lang.Boolean isExternalUploadAllowed -> af
    java.lang.String token -> ag
    java.lang.String name -> name
    java.lang.String message -> message
    java.lang.Integer visitCount -> ah
    java.util.Date expirationDate -> ai
    java.lang.String passwordDigest -> M
    java.util.Date created -> w
    java.util.Date updated -> x
    void <init>() -> <init>
    void <init>(com.kbdunn.nimbus.api.model.NimbusUser) -> <init>
    void <init>(java.lang.Long,java.lang.Long,java.lang.Boolean,java.lang.Boolean,java.lang.String,java.lang.String,java.lang.String,java.lang.Integer,java.util.Date,java.lang.String,java.util.Date,java.util.Date) -> <init>
    java.lang.Long getId() -> D
    void setId(java.lang.Long) -> a
    java.lang.Long getUserId() -> N
    void setUserId(java.lang.Long) -> d
    boolean isExternal() -> isExternal
    void setExternal(java.lang.Boolean) -> m
    boolean isExternalUploadAllowed() -> ai
    void setExternalUploadAllowed(java.lang.Boolean) -> n
    java.lang.String getToken() -> getToken
    void setToken(java.lang.String) -> r
    java.lang.String getName() -> getName
    void setName(java.lang.String) -> setName
    java.lang.String getMessage() -> getMessage
    void setMessage(java.lang.String) -> setMessage
    java.lang.Integer getVisitCount() -> aj
    void setVisitCount(java.lang.Integer) -> b
    java.util.Date getExpirationDate() -> ak
    void setExpirationDate(java.util.Date) -> c
    java.lang.String getPasswordDigest() -> V
    void setPasswordDigest(java.lang.String) -> j
    java.util.Date getCreated() -> getCreated
    void setCreated(java.util.Date) -> a
    java.util.Date getUpdated() -> G
    void setUpdated(java.util.Date) -> b
    java.lang.String getPath() -> getPath
    int hashCode() -> hashCode
    boolean equals(java.lang.Object) -> equals
    java.lang.String toString() -> toString
    int compareTo(com.kbdunn.nimbus.api.model.ShareBlock) -> a
    int compareTo(java.lang.Object) -> compareTo
com.kbdunn.nimbus.api.model.ShareBlockAccess -> com.kbdunn.nimbus.J:
    java.lang.Long id -> t
    java.lang.Long shareBlockId -> aj
    java.lang.Long userId -> D
    java.lang.Boolean canCreate -> ak
    java.lang.Boolean canUpdate -> al
    java.lang.Boolean canDelete -> am
    java.util.Date created -> w
    java.util.Date updated -> x
    void <init>(java.lang.Long,java.lang.Long) -> <init>
    void <init>(java.lang.Long,java.lang.Long,java.lang.Long,java.lang.Boolean,java.lang.Boolean,java.lang.Boolean,java.util.Date,java.util.Date) -> <init>
    java.lang.Long getId() -> D
    void setId(java.lang.Long) -> a
    java.lang.Long getShareBlockId() -> al
    void setShareBlockId(java.lang.Long) -> h
    java.lang.Long getUserId() -> N
    void setUserId(java.lang.Long) -> d
    boolean canCreate() -> am
    void setCanCreate(java.lang.Boolean) -> o
    boolean canUpdate() -> an
    void setCanUpdate(java.lang.Boolean) -> p
    boolean canDelete() -> ao
    void setCanDelete(java.lang.Boolean) -> q
    java.util.Date getCreated() -> getCreated
    void setCreated(java.util.Date) -> a
    java.util.Date getUpdated() -> G
    void setUpdated(java.util.Date) -> b
    int hashCode() -> hashCode
    boolean equals(java.lang.Object) -> equals
    java.lang.String toString() -> toString
com.kbdunn.nimbus.api.model.ShareBlockComment -> com.kbdunn.nimbus.K:
    java.lang.Long shareBlockId -> aj
    java.lang.Boolean isAnonymous -> an
    java.lang.String anonymousUserIpAddress -> ao
    void <init>(java.lang.Long,java.lang.Long,java.lang.String,java.lang.Long,java.lang.Boolean,java.lang.String,java.util.Date,java.util.Date) -> <init>
    java.lang.Long getShareBlockId() -> al
    void setShareBlockId(java.lang.Long) -> h
    boolean getIsAnonymous() -> ap
    void setIsAnonymous(java.lang.Boolean) -> r
    java.lang.String getAnonymousUserIpAddress() -> aq
    void setAnonymousUserIpAddress(java.lang.String) -> s
    java.lang.String toString() -> toString
    int hashCode() -> hashCode
    boolean equals(java.lang.Object) -> equals
com.kbdunn.nimbus.api.model.ShareBlockFile -> com.kbdunn.nimbus.L:
    java.lang.Long id -> t
    java.lang.Long nimbusFileId -> ap
    java.lang.Long shareBlockId -> aj
    java.lang.String note -> note
    java.util.Date created -> w
    java.util.Date updated -> x
    void <init>(java.lang.Long,java.lang.Long,java.lang.String) -> <init>
    void <init>(java.lang.Long,java.lang.Long,java.lang.Long,java.lang.String,java.util.Date,java.util.Date) -> <init>
    java.lang.Long getId() -> D
    void setId(java.lang.Long) -> a
    java.lang.Long getNimbusFileId() -> ar
    void setNimbusFileId(java.lang.Long) -> i
    java.lang.Long getShareBlockId() -> al
    void setShareBlockId(java.lang.Long) -> h
    java.lang.String getNote() -> getNote
    void setNote(java.lang.String) -> setNote
    java.util.Date getCreated() -> getCreated
    void setCreated(java.util.Date) -> a
    java.util.Date getUpdated() -> G
    void setUpdated(java.util.Date) -> b
    int hashCode() -> hashCode
    boolean equals(java.lang.Object) -> equals
    java.lang.String toString() -> toString
com.kbdunn.nimbus.api.model.ShareBlockRecipient -> com.kbdunn.nimbus.M:
    java.lang.Long id -> t
    java.lang.Long shareBlockId -> aj
    java.lang.String email -> L
    java.util.Date created -> w
    java.util.Date updated -> x
    void <init>(java.lang.Long,java.lang.String) -> <init>
    void <init>(java.lang.Long,java.lang.Long,java.lang.String,java.util.Date,java.util.Date) -> <init>
    java.lang.Long getId() -> D
    void setId(java.lang.Long) -> a
    java.lang.Long getShareBlockId() -> al
    void setShareBlockId(java.lang.Long) -> h
    java.lang.String getEmail() -> U
    void setEmail(java.lang.String) -> i
    java.util.Date getCreated() -> getCreated
    void setCreated(java.util.Date) -> a
    java.util.Date getUpdated() -> G
    void setUpdated(java.util.Date) -> b
    int hashCode() -> hashCode
    boolean equals(java.lang.Object) -> equals
    java.lang.String toString() -> toString
com.kbdunn.nimbus.api.model.Song -> com.kbdunn.nimbus.N:
    java.lang.String title -> title
    java.lang.Integer length -> aq
    java.lang.Integer trackNumber -> ar
    java.lang.String artist -> artist
    java.lang.String album -> as
    java.lang.String albumYear -> at
    void <init>(java.lang.Long,java.lang.Long,java.lang.Long,java.lang.String,java.lang.Boolean,java.lang.Long,java.lang.Boolean,java.lang.Boolean,java.lang.Boolean,java.lang.Boolean,java.lang.Long,java.lang.Boolean,java.util.Date,java.util.Date,java.lang.String,java.lang.Integer,java.lang.Integer,java.lang.String,java.lang.String,java.lang.String) -> <init>
    void <init>(com.kbdunn.nimbus.api.model.NimbusFile) -> <init>
    java.lang.String getTitle() -> getTitle
    void setTitle(java.lang.String) -> setTitle
    java.lang.Integer getLength() -> as
    void setLength(java.lang.Integer) -> c
    java.lang.Integer getTrackNumber() -> at
    void setTrackNumber(java.lang.Integer) -> d
    java.lang.String getArtist() -> au
    void setArtist(java.lang.String) -> t
    java.lang.String getAlbum() -> av
    void setAlbum(java.lang.String) -> u
    java.lang.String getAlbumYear() -> aw
    void setAlbumYear(java.lang.String) -> v
    int hashCode() -> hashCode
    boolean equals(java.lang.Object) -> equals
    java.lang.String toString() -> toString
com.kbdunn.nimbus.api.model.StorageDevice -> com.kbdunn.nimbus.O:
    void setName(java.lang.String) -> setName
    void setPath(java.lang.String) -> setPath
    java.lang.String getType() -> getType
    boolean isReconciled() -> E
    void setReconciled(boolean) -> a
    boolean isAutonomous() -> F
    void setAutonomous(boolean) -> b
com.kbdunn.nimbus.api.model.UserMessage -> com.kbdunn.nimbus.P:
    java.lang.Long recipientUserId -> au
    void <init>(java.lang.Long,java.lang.Long,java.lang.String,java.lang.Long,java.util.Date,java.util.Date) -> <init>
    java.lang.Long getRecipientUserId() -> ax
    void setRecipientUserId(java.lang.Long) -> j
    int hashCode() -> hashCode
    boolean equals(java.lang.Object) -> equals
    java.lang.String toString() -> toString
com.kbdunn.nimbus.api.model.Video -> com.kbdunn.nimbus.Q:
    java.lang.String title -> title
    java.lang.Integer length -> aq
    void <init>(java.lang.Long,java.lang.Long,java.lang.Long,java.lang.String,java.lang.Boolean,java.lang.Long,java.lang.Boolean,java.lang.Boolean,java.lang.Boolean,java.lang.Boolean,java.lang.Long,java.lang.Boolean,java.util.Date,java.util.Date,java.lang.String,java.lang.Integer) -> <init>
    void <init>(com.kbdunn.nimbus.api.model.NimbusFile) -> <init>
    java.lang.String getTitle() -> getTitle
    void setTitle(java.lang.String) -> setTitle
    java.lang.Integer getLength() -> as
    void setLength(java.lang.Integer) -> c
    int hashCode() -> hashCode
    boolean equals(java.lang.Object) -> equals
    java.lang.String toString() -> toString
com.kbdunn.nimbus.api.rest.HMAC -> com.kbdunn.nimbus.R:
    org.apache.log4j.Logger log -> av
    java.lang.String ALGORITHM -> ALGORITHM
    java.lang.String CHARSET -> aw
    void <init>() -> <init>
    java.lang.String hmacDigestRequest(java.lang.String,java.lang.String,java.lang.String,java.lang.String,java.lang.String,com.kbdunn.nimbus.api.rest.NimbusHttpHeaders,java.util.Map) -> a
    java.lang.String hmacDigestResponse(java.lang.String,java.lang.String,java.lang.String,java.lang.String,com.kbdunn.nimbus.api.rest.NimbusHttpHeaders) -> a
    java.lang.String getStringToSign(com.kbdunn.nimbus.api.rest.NimbusHttpHeaders,java.util.Map,java.lang.String[]) -> a
    java.lang.String getStringToSign(com.kbdunn.nimbus.api.rest.NimbusHttpHeaders,java.lang.String[]) -> a
    java.lang.String hmacDigest(java.lang.String,java.lang.String) -> a
    java.lang.String generateSecretKey() -> ay
    java.lang.String toHex(byte[]) -> a
    void <clinit>() -> <clinit>
com.kbdunn.nimbus.api.rest.NimbusHttpHeaders -> com.kbdunn.nimbus.S:
    java.util.Map headers -> ax
    void <init>() -> <init>
    void put(com.kbdunn.nimbus.api.rest.NimbusHttpHeaders$Key,java.lang.String) -> a
    java.lang.String get(com.kbdunn.nimbus.api.rest.NimbusHttpHeaders$Key) -> a
    boolean containsKey(com.kbdunn.nimbus.api.rest.NimbusHttpHeaders$Key) -> b
    java.util.Map getMap() -> getMap
    java.util.Map getStringMap() -> az
    com.kbdunn.nimbus.api.rest.NimbusHttpHeaders coalesce(com.kbdunn.nimbus.api.rest.NimbusHttpHeaders) -> a
    com.kbdunn.nimbus.api.rest.NimbusHttpHeaders coalesce(java.util.Map) -> a
    com.kbdunn.nimbus.api.rest.NimbusHttpHeaders fromMap(java.util.Map) -> b
com.kbdunn.nimbus.api.rest.NimbusHttpHeaders$Key -> com.kbdunn.nimbus.T:
    com.kbdunn.nimbus.api.rest.NimbusHttpHeaders$Key REQUESTOR -> ay
    com.kbdunn.nimbus.api.rest.NimbusHttpHeaders$Key SIGNATURE -> az
    com.kbdunn.nimbus.api.rest.NimbusHttpHeaders$Key TIMESTAMP -> aA
    java.lang.String PREFIX -> PREFIX
    java.lang.String keyString -> aB
    com.kbdunn.nimbus.api.rest.NimbusHttpHeaders$Key[] $VALUES -> aC
    com.kbdunn.nimbus.api.rest.NimbusHttpHeaders$Key[] values() -> aA
    com.kbdunn.nimbus.api.rest.NimbusHttpHeaders$Key valueOf(java.lang.String) -> w
    void <init>(java.lang.String,int,java.lang.String) -> <init>
    com.kbdunn.nimbus.api.rest.NimbusHttpHeaders$Key fromString(java.lang.String) -> x
    java.lang.String toString() -> toString
    void <clinit>() -> <clinit>
com.kbdunn.nimbus.api.rest.entity.NimbusUserDecorator -> com.kbdunn.nimbus.U:
    java.util.List storageDevices -> aD
    void <init>(com.kbdunn.nimbus.api.model.NimbusUser) -> <init>
    java.util.List getStorageDevices() -> aB
    void setStorageDevices(java.util.List) -> b
    void addStorageDevice(com.kbdunn.nimbus.api.rest.entity.NimbusUserStorageDevice) -> a
com.kbdunn.nimbus.api.rest.entity.NimbusUserStorageDevice -> com.kbdunn.nimbus.V:
    com.kbdunn.nimbus.api.model.NimbusUser user -> aE
    com.kbdunn.nimbus.api.model.StorageDevice storageDevice -> aF
    boolean isActivated -> aG
    com.kbdunn.nimbus.api.model.NimbusFile homeFolder -> aH
    void <init>(com.kbdunn.nimbus.api.model.NimbusUser,com.kbdunn.nimbus.api.model.StorageDevice) -> <init>
    com.kbdunn.nimbus.api.model.NimbusUser getUser() -> aC
    void setUser(com.kbdunn.nimbus.api.model.NimbusUser) -> c
    com.kbdunn.nimbus.api.model.StorageDevice getStorageDevice() -> aD
    void setStorageDevice(com.kbdunn.nimbus.api.model.StorageDevice) -> b
    com.kbdunn.nimbus.api.model.NimbusFile getHomeFolder() -> aE
    void setHomeFolder(com.kbdunn.nimbus.api.model.NimbusFile) -> c
    boolean isActivated() -> aF
    void setActivated(boolean) -> c
com.kbdunn.nimbus.api.rest.entity.PostResponse -> com.kbdunn.nimbus.W:
    java.lang.Long id -> t
    java.util.Date created -> w
    java.util.Date updated -> x
    java.lang.String[] uris -> aI
    void <init>() -> <init>
    void <init>(java.lang.Long,java.util.Date,java.util.Date,java.lang.String[]) -> <init>
    java.lang.Long getId() -> D
    void setId(java.lang.Long) -> a
    java.util.Date getCreated() -> getCreated
    void setCreated(java.util.Date) -> a
    java.util.Date getUpdated() -> G
    void setUpdated(java.util.Date) -> b
    java.lang.String[] getUris() -> aG
    void setUris(java.lang.String[]) -> a
com.kbdunn.nimbus.api.rest.entity.PutResponse -> com.kbdunn.nimbus.X:
    java.lang.Long id -> t
    java.util.Date created -> w
    java.util.Date updated -> x
    java.lang.String[] uris -> aI
    void <init>() -> <init>
    void <init>(java.lang.Long,java.util.Date,java.util.Date,java.lang.String[]) -> <init>
    java.lang.Long getId() -> D
    void setId(java.lang.Long) -> a
    java.util.Date getCreated() -> getCreated
    void setCreated(java.util.Date) -> a
    java.util.Date getUpdated() -> G
    void setUpdated(java.util.Date) -> b
    java.lang.String[] getUris() -> aG
    void setUris(java.lang.String[]) -> a
com.kbdunn.nimbus.api.rest.entity.StorageDeviceList -> com.kbdunn.nimbus.Y:
    long serialVersionUID -> serialVersionUID
    void <init>(java.util.List) -> <init>
com.kbdunn.nimbus.api.security.OAuth10aAPI -> com.kbdunn.nimbus.Z:
    void <init>() -> <init>
    com.github.scribejava.core.builder.api.DefaultApi10a getScribeApi() -> aH
com.kbdunn.nimbus.api.security.OAuth20API -> com.kbdunn.nimbus.aa:
    void <init>() -> <init>
    com.github.scribejava.core.builder.api.DefaultApi20 getScribeApi() -> aI
    void refreshAccessTokenIfNeeded() -> aJ
com.kbdunn.nimbus.api.security.OAuthAPIService -> com.kbdunn.nimbus.ab:
    com.kbdunn.nimbus.api.security.OAuthAPIService$Type getType() -> aK
    com.kbdunn.nimbus.api.model.OAuthCredential getOAuthCredential() -> aL
    boolean isEmailSupported() -> aM
    com.kbdunn.nimbus.api.async.EmailTransport getEmailTransport() -> aN
    com.kbdunn.nimbus.api.server.OAuthService getOAuthService() -> aO
com.kbdunn.nimbus.api.security.OAuthAPIService$Type -> com.kbdunn.nimbus.ac:
    com.kbdunn.nimbus.api.security.OAuthAPIService$Type GOOGLE -> aJ
    com.kbdunn.nimbus.api.security.OAuthAPIService$Type YAHOO -> aK
    boolean isOAuth20 -> aL
    java.lang.String clientKey -> aM
    java.lang.String clientSecret -> aN
    java.lang.String emailScope -> aO
    com.kbdunn.nimbus.api.security.OAuthAPIService$Type[] $VALUES -> aP
    com.kbdunn.nimbus.api.security.OAuthAPIService$Type[] values() -> aP
    com.kbdunn.nimbus.api.security.OAuthAPIService$Type valueOf(java.lang.String) -> y
    void <init>(java.lang.String,int,boolean,java.lang.String,java.lang.String,java.lang.String) -> <init>
    boolean isOAuth20() -> aQ
    java.lang.String getClientKey() -> aR
    java.lang.String getClientSecret() -> aS
    java.lang.String getEmailScope() -> aT
    void <clinit>() -> <clinit>
com.kbdunn.nimbus.api.server.AsyncService -> com.kbdunn.nimbus.ad:
    void startAsyncOperation(com.kbdunn.nimbus.api.async.AsyncOperation) -> b
    com.kbdunn.nimbus.api.async.AsyncOperationQueue buildAsyncOperationQueue(java.lang.String,java.util.List) -> a
    com.kbdunn.nimbus.api.async.AsyncOperation copyFile(com.kbdunn.nimbus.api.async.AsyncConfiguration,com.kbdunn.nimbus.api.model.NimbusFile,com.kbdunn.nimbus.api.model.NimbusFile,boolean) -> a
    com.kbdunn.nimbus.api.async.AsyncOperation copyFile(com.kbdunn.nimbus.api.async.AsyncConfiguration,com.kbdunn.nimbus.api.model.NimbusFile,com.kbdunn.nimbus.api.model.NimbusFile,java.util.List,boolean) -> a
    com.kbdunn.nimbus.api.async.AsyncOperation copyFiles(com.kbdunn.nimbus.api.async.AsyncConfiguration,java.util.List,com.kbdunn.nimbus.api.model.NimbusFile,boolean) -> a
    com.kbdunn.nimbus.api.async.AsyncOperation copyFiles(com.kbdunn.nimbus.api.async.AsyncConfiguration,java.util.List,com.kbdunn.nimbus.api.model.NimbusFile,java.util.List,boolean) -> a
    com.kbdunn.nimbus.api.async.AsyncOperation moveFile(com.kbdunn.nimbus.api.async.AsyncConfiguration,com.kbdunn.nimbus.api.model.NimbusFile,com.kbdunn.nimbus.api.model.NimbusFile,boolean) -> b
    com.kbdunn.nimbus.api.async.AsyncOperation moveFile(com.kbdunn.nimbus.api.async.AsyncConfiguration,com.kbdunn.nimbus.api.model.NimbusFile,com.kbdunn.nimbus.api.model.NimbusFile,java.util.List,boolean) -> b
    com.kbdunn.nimbus.api.async.AsyncOperation moveFiles(com.kbdunn.nimbus.api.async.AsyncConfiguration,java.util.List,com.kbdunn.nimbus.api.model.NimbusFile,boolean) -> b
    com.kbdunn.nimbus.api.async.AsyncOperation moveFiles(com.kbdunn.nimbus.api.async.AsyncConfiguration,java.util.List,com.kbdunn.nimbus.api.model.NimbusFile,java.util.List,boolean) -> b
    com.kbdunn.nimbus.api.async.AsyncOperation reconcileStorageDevice(com.kbdunn.nimbus.api.async.AsyncConfiguration,com.kbdunn.nimbus.api.model.StorageDevice,boolean) -> a
    void pauseStorageDeviceReconciliations() -> aU
    void resumeStorageDeviceReconciliations() -> aV
    com.kbdunn.nimbus.api.async.AsyncOperation sendEmail(com.kbdunn.nimbus.api.async.AsyncConfiguration,com.kbdunn.nimbus.api.model.Email,boolean) -> a
    com.kbdunn.nimbus.api.async.AsyncOperation sendPasswordResetEmail(com.kbdunn.nimbus.api.async.AsyncConfiguration,com.kbdunn.nimbus.api.model.NimbusUser,java.lang.String,java.lang.String,java.lang.String,com.kbdunn.nimbus.api.model.NimbusUser,boolean) -> a
    com.kbdunn.nimbus.api.async.AsyncOperation sendInvitationEmail(com.kbdunn.nimbus.api.async.AsyncConfiguration,com.kbdunn.nimbus.api.model.NimbusUser,java.lang.String,java.lang.String,java.lang.String,java.lang.String,boolean) -> a
    com.kbdunn.nimbus.api.async.AsyncOperation updateMediaLibrary(com.kbdunn.nimbus.api.async.AsyncConfiguration,com.kbdunn.nimbus.api.model.NimbusUser,boolean) -> a
    com.kbdunn.nimbus.api.async.VaadinUploadOperation uploadFile(java.lang.String,long,com.kbdunn.nimbus.api.async.UploadActionProcessor) -> a
    com.kbdunn.nimbus.api.async.VaadinUploadOperation uploadFile(com.kbdunn.nimbus.api.async.UploadActionProcessor) -> a
com.kbdunn.nimbus.api.server.FileContainerService -> com.kbdunn.nimbus.ae:
    java.util.List getContents(com.kbdunn.nimbus.api.model.FileContainer) -> a
    java.util.List getContents(com.kbdunn.nimbus.api.model.FileContainer,int,int) -> a
    java.util.List getFolderContents(com.kbdunn.nimbus.api.model.FileContainer) -> b
    java.util.List getFileContents(com.kbdunn.nimbus.api.model.FileContainer) -> c
    java.util.List getImageContents(com.kbdunn.nimbus.api.model.FileContainer) -> d
    java.lang.String getRelativePath(com.kbdunn.nimbus.api.model.FileContainer,com.kbdunn.nimbus.api.model.NimbusFile) -> a
    com.kbdunn.nimbus.api.model.NimbusFile resolveRelativePath(com.kbdunn.nimbus.api.model.FileContainer,java.lang.String) -> a
    long getRecursiveContentSize(com.kbdunn.nimbus.api.model.FileContainer) -> e
    int getContentCount(com.kbdunn.nimbus.api.model.FileContainer) -> f
    int getRecursiveContentCount(com.kbdunn.nimbus.api.model.FileContainer) -> g
com.kbdunn.nimbus.api.server.FileService -> com.kbdunn.nimbus.af:
    com.kbdunn.nimbus.api.model.NimbusFile getFileCopy(com.kbdunn.nimbus.api.model.NimbusFile) -> d
    com.kbdunn.nimbus.api.model.NimbusFile getFileById(long) -> b
    com.kbdunn.nimbus.api.model.NimbusFile getFileByPath(java.nio.file.Path) -> a
    com.kbdunn.nimbus.api.model.NimbusFile getFileByPath(java.lang.String) -> z
    com.kbdunn.nimbus.api.model.NimbusFile getFileByPath(java.lang.String,boolean) -> a
    long getTotalFileCount() -> aW
    com.kbdunn.nimbus.api.model.StorageDevice getStorageDevice(com.kbdunn.nimbus.api.model.NimbusFile) -> e
    boolean fileExistsOnDisk(com.kbdunn.nimbus.api.model.NimbusFile) -> f
    java.util.Date getLastModifiedDate(com.kbdunn.nimbus.api.model.NimbusFile) -> g
    java.lang.String getFileSizeString(com.kbdunn.nimbus.api.model.NimbusFile) -> h
    long getRecursiveContentSize(com.kbdunn.nimbus.api.model.NimbusFile) -> i
    com.kbdunn.nimbus.api.model.NimbusFile getParentFile(com.kbdunn.nimbus.api.model.NimbusFile) -> j
    int getContentCount(com.kbdunn.nimbus.api.model.NimbusFile) -> k
    int getRecursiveContentCount(com.kbdunn.nimbus.api.model.NimbusFile) -> l
    boolean folderHasContents(com.kbdunn.nimbus.api.model.NimbusFile) -> m
    boolean folderContentsContainsFolder(com.kbdunn.nimbus.api.model.NimbusFile) -> n
    boolean fileIsChildOf(com.kbdunn.nimbus.api.model.NimbusFile,com.kbdunn.nimbus.api.model.NimbusFile) -> a
    java.util.List getContents(com.kbdunn.nimbus.api.model.NimbusFile) -> o
    java.util.List getContents(com.kbdunn.nimbus.api.model.NimbusFile,int,int) -> a
    java.util.List getFileContents(com.kbdunn.nimbus.api.model.NimbusFile) -> p
    java.util.List getFolderContents(com.kbdunn.nimbus.api.model.NimbusFile) -> q
    java.util.List getImageContents(com.kbdunn.nimbus.api.model.NimbusFile) -> r
    java.util.List getRecursiveFolderContents(com.kbdunn.nimbus.api.model.NimbusFile) -> s
    com.kbdunn.nimbus.api.model.NimbusFile resolveRelativePath(com.kbdunn.nimbus.api.model.NimbusFile,java.lang.String) -> a
    java.lang.String getRelativePath(com.kbdunn.nimbus.api.model.NimbusFile,com.kbdunn.nimbus.api.model.NimbusFile) -> b
    com.kbdunn.nimbus.api.model.NimbusFile getFileConflictResolution(com.kbdunn.nimbus.api.model.FileConflict) -> b
    boolean save(com.kbdunn.nimbus.api.model.NimbusFile) -> t
    boolean delete(com.kbdunn.nimbus.api.model.NimbusFile) -> u
    boolean createDirectory(com.kbdunn.nimbus.api.model.NimbusFile) -> v
    boolean touchFile(com.kbdunn.nimbus.api.model.NimbusFile) -> w
    boolean renameFile(com.kbdunn.nimbus.api.model.NimbusFile,java.lang.String) -> b
    boolean fileMoveDestinationIsValid(com.kbdunn.nimbus.api.model.NimbusFile,com.kbdunn.nimbus.api.model.NimbusFile) -> c
    boolean moveFileTo(com.kbdunn.nimbus.api.model.NimbusFile,com.kbdunn.nimbus.api.model.NimbusFile) -> d
    boolean moveFile(com.kbdunn.nimbus.api.model.NimbusFile,java.lang.String) -> c
    com.kbdunn.nimbus.api.model.NimbusFile copyFileTo(com.kbdunn.nimbus.api.model.NimbusFile,com.kbdunn.nimbus.api.model.NimbusFile) -> e
    java.util.List checkConflicts(com.kbdunn.nimbus.api.model.NimbusFile,com.kbdunn.nimbus.api.model.NimbusFile) -> f
    boolean batchCopy(java.util.List,com.kbdunn.nimbus.api.model.NimbusFile,java.util.List) -> a
    boolean reconcileFolder(com.kbdunn.nimbus.api.model.NimbusFile) -> x
    boolean reconcile(com.kbdunn.nimbus.api.model.NimbusFile) -> y
    java.io.InputStream getZipComressedInputStream(java.util.List) -> c
com.kbdunn.nimbus.api.server.FileShareService -> com.kbdunn.nimbus.ag:
    com.kbdunn.nimbus.api.model.ShareBlock getShareBlockById(long) -> c
    com.kbdunn.nimbus.api.model.ShareBlock getShareBlockByToken(java.lang.String) -> A
    java.util.List getShareBlocks(com.kbdunn.nimbus.api.model.NimbusUser) -> d
    java.util.List getAccessibleShareBlocks(com.kbdunn.nimbus.api.model.NimbusUser) -> e
    boolean shareBlockNameExistsForUser(com.kbdunn.nimbus.api.model.NimbusUser,java.lang.String,com.kbdunn.nimbus.api.model.ShareBlock) -> a
    boolean shareBlockNameExistsForUser(com.kbdunn.nimbus.api.model.ShareBlock,java.lang.String) -> a
    boolean save(com.kbdunn.nimbus.api.model.ShareBlock) -> b
    boolean delete(com.kbdunn.nimbus.api.model.ShareBlock) -> c
    void incrementVisitCount(com.kbdunn.nimbus.api.model.ShareBlock) -> d
    com.kbdunn.nimbus.api.model.NimbusUser getShareBlockOwner(com.kbdunn.nimbus.api.model.ShareBlock) -> e
    java.util.List getShareBlockFiles(com.kbdunn.nimbus.api.model.ShareBlock) -> f
    com.kbdunn.nimbus.api.model.ShareBlockFile getShareBlockFileByPath(com.kbdunn.nimbus.api.model.ShareBlock,java.lang.String) -> b
    com.kbdunn.nimbus.api.model.ShareBlockFile getShareBlockFile(com.kbdunn.nimbus.api.model.ShareBlock,com.kbdunn.nimbus.api.model.NimbusFile) -> a
    com.kbdunn.nimbus.api.model.NimbusFile getShareBlockWorkingFolder(com.kbdunn.nimbus.api.model.ShareBlock) -> g
    java.util.List getContents(com.kbdunn.nimbus.api.model.ShareBlock) -> h
    java.util.List getContents(com.kbdunn.nimbus.api.model.ShareBlock,int,int) -> a
    java.util.List getFolderContents(com.kbdunn.nimbus.api.model.ShareBlock) -> i
    java.util.List getFileContents(com.kbdunn.nimbus.api.model.ShareBlock) -> j
    java.util.List getImageContents(com.kbdunn.nimbus.api.model.ShareBlock) -> k
    java.lang.String getRelativePath(com.kbdunn.nimbus.api.model.ShareBlock,com.kbdunn.nimbus.api.model.NimbusFile) -> b
    com.kbdunn.nimbus.api.model.NimbusFile resolveRelativePath(com.kbdunn.nimbus.api.model.ShareBlock,java.lang.String) -> c
    long getRecursiveContentSize(com.kbdunn.nimbus.api.model.ShareBlock) -> l
    int getContentCount(com.kbdunn.nimbus.api.model.ShareBlock) -> m
    int getRecursiveContentCount(com.kbdunn.nimbus.api.model.ShareBlock) -> n
    int getFolderCount(com.kbdunn.nimbus.api.model.ShareBlock) -> o
    int getFileCount(com.kbdunn.nimbus.api.model.ShareBlock) -> p
    boolean saveShareBlockNimbusFiles(com.kbdunn.nimbus.api.model.ShareBlock,java.util.List) -> a
    boolean saveShareBlockFiles(com.kbdunn.nimbus.api.model.ShareBlock,java.util.List) -> b
    boolean removeSharedFile(com.kbdunn.nimbus.api.model.ShareBlockFile) -> a
    boolean addFileToShareBlock(com.kbdunn.nimbus.api.model.ShareBlock,com.kbdunn.nimbus.api.model.NimbusFile) -> c
    boolean addFileToShareBlock(com.kbdunn.nimbus.api.model.ShareBlock,com.kbdunn.nimbus.api.model.NimbusFile,java.lang.String) -> a
    boolean removeFileFromShareBlock(com.kbdunn.nimbus.api.model.ShareBlock,com.kbdunn.nimbus.api.model.NimbusFile) -> d
    com.kbdunn.nimbus.api.model.ShareBlockAccess getShareBlockAccess(com.kbdunn.nimbus.api.model.ShareBlock,com.kbdunn.nimbus.api.model.NimbusUser) -> a
    boolean saveShareBlockAccess(com.kbdunn.nimbus.api.model.ShareBlock,java.util.List) -> c
    boolean save(com.kbdunn.nimbus.api.model.ShareBlockAccess) -> a
    java.util.List getShareBlockAccess(com.kbdunn.nimbus.api.model.ShareBlock) -> q
    com.kbdunn.nimbus.api.model.ShareBlockAccess getUserAccessToShareBlock(com.kbdunn.nimbus.api.model.NimbusUser,com.kbdunn.nimbus.api.model.ShareBlock) -> a
    com.kbdunn.nimbus.api.model.ShareBlockAccess getOwnerAccess(com.kbdunn.nimbus.api.model.ShareBlock) -> r
    boolean setAccess(com.kbdunn.nimbus.api.model.ShareBlock,com.kbdunn.nimbus.api.model.NimbusUser,boolean,boolean,boolean) -> a
    java.util.List getRecipients(com.kbdunn.nimbus.api.model.ShareBlock) -> s
    boolean setRecipients(com.kbdunn.nimbus.api.model.ShareBlock,java.util.List) -> d
    boolean addRecipient(com.kbdunn.nimbus.api.model.ShareBlockRecipient) -> a
    boolean addRecipients(java.util.List) -> d
com.kbdunn.nimbus.api.server.MediaLibraryService -> com.kbdunn.nimbus.ah:
    void setSongAttributes(com.kbdunn.nimbus.api.model.Song) -> a
    boolean save(com.kbdunn.nimbus.api.model.Song) -> b
    java.util.List getSongs(com.kbdunn.nimbus.api.model.NimbusUser) -> f
    java.util.List getSongs(com.kbdunn.nimbus.api.model.NimbusUser,int,int) -> a
    int getSongCount(com.kbdunn.nimbus.api.model.NimbusUser) -> g
    void setVideoAttributes(com.kbdunn.nimbus.api.model.Video) -> a
    java.util.List getVideos(com.kbdunn.nimbus.api.model.NimbusUser) -> h
    java.util.List getVideos(com.kbdunn.nimbus.api.model.NimbusUser,int,int) -> b
    int getVideoCount(com.kbdunn.nimbus.api.model.NimbusUser) -> i
    java.util.List getPlaylists(com.kbdunn.nimbus.api.model.NimbusUser) -> j
    java.util.List getPlaylists(com.kbdunn.nimbus.api.model.NimbusUser,int,int) -> c
    int getPlaylistCount(com.kbdunn.nimbus.api.model.NimbusUser) -> k
    com.kbdunn.nimbus.api.model.Playlist getPlaylistByName(com.kbdunn.nimbus.api.model.NimbusUser,java.lang.String) -> a
    boolean save(com.kbdunn.nimbus.api.model.Playlist) -> b
    boolean delete(com.kbdunn.nimbus.api.model.Playlist) -> c
    boolean setPlaylistSongs(com.kbdunn.nimbus.api.model.Playlist,java.util.List) -> a
    java.util.List getPlaylistSongs(com.kbdunn.nimbus.api.model.Playlist) -> d
    java.util.List getPlaylistSongs(com.kbdunn.nimbus.api.model.Playlist,int,int) -> a
    int getPlaylistSongCount(com.kbdunn.nimbus.api.model.Playlist) -> e
    com.kbdunn.nimbus.api.model.Album getAlbumByName(com.kbdunn.nimbus.api.model.NimbusUser,java.lang.String,java.lang.String) -> a
    java.util.List getAlbums(com.kbdunn.nimbus.api.model.NimbusUser) -> l
    java.util.List getAlbums(com.kbdunn.nimbus.api.model.NimbusUser,int,int) -> d
    int getAlbumCount(com.kbdunn.nimbus.api.model.NimbusUser) -> m
    java.util.List getAlbumSongs(com.kbdunn.nimbus.api.model.NimbusUser,com.kbdunn.nimbus.api.model.Album) -> a
    java.util.List getAlbumSongs(com.kbdunn.nimbus.api.model.NimbusUser,com.kbdunn.nimbus.api.model.Album,int,int) -> a
    int getAlbumSongCount(com.kbdunn.nimbus.api.model.NimbusUser,com.kbdunn.nimbus.api.model.Album) -> b
    com.kbdunn.nimbus.api.model.Artist getArtistByName(com.kbdunn.nimbus.api.model.NimbusUser,java.lang.String) -> b
    java.util.List getArtists(com.kbdunn.nimbus.api.model.NimbusUser) -> n
    java.util.List getArtists(com.kbdunn.nimbus.api.model.NimbusUser,int,int) -> e
    int getArtistCount(com.kbdunn.nimbus.api.model.NimbusUser) -> o
    java.util.List getArtistAlbums(com.kbdunn.nimbus.api.model.NimbusUser,com.kbdunn.nimbus.api.model.Artist) -> a
    java.util.List getArtistSongs(com.kbdunn.nimbus.api.model.NimbusUser,com.kbdunn.nimbus.api.model.Artist) -> b
    java.util.List getArtistSongs(com.kbdunn.nimbus.api.model.NimbusUser,com.kbdunn.nimbus.api.model.Artist,int,int) -> a
    int getArtistSongCount(com.kbdunn.nimbus.api.model.NimbusUser,com.kbdunn.nimbus.api.model.Artist) -> c
com.kbdunn.nimbus.api.server.OAuthService -> com.kbdunn.nimbus.ai:
    com.kbdunn.nimbus.api.model.OAuthCredential getOAuthCredential(com.kbdunn.nimbus.api.model.NimbusUser,com.kbdunn.nimbus.api.security.OAuthAPIService$Type) -> a
    java.util.List getOAuthCredentials(com.kbdunn.nimbus.api.model.NimbusUser) -> p
    com.kbdunn.nimbus.api.security.OAuthAPIService getOAuthAPIService(com.kbdunn.nimbus.api.model.NimbusUser,com.kbdunn.nimbus.api.security.OAuthAPIService$Type) -> b
    com.github.scribejava.core.model.OAuth2AccessToken refreshAccessToken(com.kbdunn.nimbus.api.security.OAuth20API) -> a
    boolean save(com.kbdunn.nimbus.api.model.OAuthCredential) -> a
    boolean delete(com.kbdunn.nimbus.api.model.OAuthCredential) -> b
    boolean delete(com.kbdunn.nimbus.api.model.NimbusUser,com.kbdunn.nimbus.api.security.OAuthAPIService$Type) -> c
com.kbdunn.nimbus.api.server.PropertiesService -> com.kbdunn.nimbus.aj:
    boolean isDevMode() -> aX
    boolean isDemoMode() -> aY
    java.lang.String getDemoUsername() -> aZ
    java.lang.String getNimbusHome() -> ba
    java.lang.String getDbDriver() -> bb
    java.lang.String getDbConnectString() -> bc
    java.lang.String getDbUser() -> bd
    java.lang.String getDbPassword() -> be
    java.lang.Integer getHttpPort() -> bf
    java.lang.Boolean isSslEnabled() -> bg
    java.lang.String getKeystorePassword() -> bh
    java.lang.String getKeystorePath() -> bi
    java.lang.String getTruststorePath() -> bj
    java.lang.String getTruststorePassword() -> bk
    java.lang.String getKeyManagerPassword() -> bl
    java.lang.Integer getHttpsPort() -> bm
    java.lang.String getNimbusVersion() -> bn
    boolean isAutoScan() -> bo
    void setAutoScan(boolean) -> d
com.kbdunn.nimbus.api.server.StorageService -> com.kbdunn.nimbus.ak:
    com.kbdunn.nimbus.api.model.HardDrive getHardDriveByUuid(java.lang.String) -> B
    com.kbdunn.nimbus.api.model.StorageDevice getStorageDeviceById(long) -> d
    com.kbdunn.nimbus.api.model.StorageDevice getStorageDeviceByPath(java.lang.String) -> C
    long getUsedBytes(com.kbdunn.nimbus.api.model.StorageDevice) -> c
    boolean storageDeviceIsAvailable(com.kbdunn.nimbus.api.model.StorageDevice) -> d
    boolean isValidNewFilesystemLocationPath(java.lang.String) -> D
    com.kbdunn.nimbus.api.model.HardDrive getDriveFromBlock(com.kbdunn.nimbus.api.model.BlkidBlock) -> a
    java.util.List getAllStorageDevices() -> bp
    java.util.List getStorageDevicesAssignedToUser(com.kbdunn.nimbus.api.model.NimbusUser) -> q
    java.util.List getUsersAssignedToStorageDevice(com.kbdunn.nimbus.api.model.StorageDevice) -> e
    boolean assignDriveToUser(com.kbdunn.nimbus.api.model.StorageDevice,com.kbdunn.nimbus.api.model.NimbusUser) -> a
    boolean revokeDriveFromUser(com.kbdunn.nimbus.api.model.StorageDevice,com.kbdunn.nimbus.api.model.NimbusUser) -> b
    boolean setAssignedUserStorageDevices(com.kbdunn.nimbus.api.model.NimbusUser,java.util.List) -> a
    boolean delete(com.kbdunn.nimbus.api.model.StorageDevice) -> f
    boolean save(com.kbdunn.nimbus.api.model.StorageDevice) -> g
    java.util.List getAssignedStorageDevices() -> bq
    java.util.List getConnectedHardDrives() -> br
    java.util.List getAvailableHardDrives() -> bs
    void scanAndMountUSBHardDrives() -> bt
    void resetReconciliation() -> bu
com.kbdunn.nimbus.api.server.UserService -> com.kbdunn.nimbus.al:
    java.lang.Integer getUserCount() -> bv
    java.util.List getAllUsers() -> bw
    com.kbdunn.nimbus.api.model.NimbusUser getUserById(java.lang.Long) -> k
    com.kbdunn.nimbus.api.model.NimbusUser getUserByNameOrEmail(java.lang.String) -> E
    com.kbdunn.nimbus.api.model.NimbusUser getUserByApiToken(java.lang.String) -> F
    com.kbdunn.nimbus.api.model.NimbusFile resolveRelativePath(com.kbdunn.nimbus.api.model.NimbusUser,com.kbdunn.nimbus.api.model.StorageDevice,java.lang.String) -> a
    com.kbdunn.nimbus.api.model.SMTPSettings getSmtpSettings(com.kbdunn.nimbus.api.model.NimbusUser) -> r
    void updateSmtpSettings(com.kbdunn.nimbus.api.model.SMTPSettings) -> a
    java.lang.String getUserRootFolderPath(com.kbdunn.nimbus.api.model.NimbusUser,com.kbdunn.nimbus.api.model.StorageDevice) -> a
    java.lang.String getUserHomeFolderPath(com.kbdunn.nimbus.api.model.NimbusUser,com.kbdunn.nimbus.api.model.StorageDevice) -> b
    com.kbdunn.nimbus.api.model.NimbusFile getUserRootFolder(com.kbdunn.nimbus.api.model.NimbusUser,com.kbdunn.nimbus.api.model.StorageDevice) -> c
    com.kbdunn.nimbus.api.model.NimbusFile getUserHomeFolder(com.kbdunn.nimbus.api.model.NimbusUser,com.kbdunn.nimbus.api.model.StorageDevice) -> d
    java.lang.String getTempFolderPath(com.kbdunn.nimbus.api.model.NimbusUser,com.kbdunn.nimbus.api.model.StorageDevice) -> e
    com.kbdunn.nimbus.api.model.NimbusFile getTempFolder(com.kbdunn.nimbus.api.model.NimbusUser,com.kbdunn.nimbus.api.model.StorageDevice) -> f
    java.util.List getAllTempFolders(com.kbdunn.nimbus.api.model.NimbusUser) -> s
    java.lang.Boolean hasDuplicateEmail(com.kbdunn.nimbus.api.model.NimbusUser) -> t
    java.lang.Boolean hasDuplicateName(com.kbdunn.nimbus.api.model.NimbusUser) -> u
    java.lang.String generateTemporaryPassword() -> bx
    java.lang.String getDigestedPassword(java.lang.String) -> G
    boolean validatePassword(java.lang.String,java.lang.String) -> b
    boolean save(com.kbdunn.nimbus.api.model.NimbusUser) -> v
    boolean delete(com.kbdunn.nimbus.api.model.NimbusUser) -> w
    com.kbdunn.nimbus.api.async.EmailTransport getEmailTransport(com.kbdunn.nimbus.api.model.NimbusUser) -> x
com.kbdunn.nimbus.api.util.ComparatorUtil -> com.kbdunn.nimbus.am:
    void <init>() -> <init>
    int nullSafeDateComparator(java.util.Date,java.util.Date) -> a
    int nullSafeLongComparator(java.lang.Long,java.lang.Long) -> a
    int nullSafeBooleanComparator(java.lang.Boolean,java.lang.Boolean) -> a
    int nullSafeStringComparator(java.lang.String,java.lang.String) -> c
com.kbdunn.nimbus.api.util.DateUtil -> com.kbdunn.nimbus.an:
    java.lang.String DATE_FORMAT -> aQ
    void <init>() -> <init>
    java.text.DateFormat getDateFormat() -> by
com.kbdunn.nimbus.api.util.EmailUtil -> com.kbdunn.nimbus.ao:
    void <init>() -> <init>
    boolean checkSMTPSettings(com.kbdunn.nimbus.api.model.SMTPSettings) -> b
    java.util.Properties getSmtpProperties(com.kbdunn.nimbus.api.model.SMTPSettings) -> c
    javax.mail.Authenticator getAuthenticator(com.kbdunn.nimbus.api.model.SMTPSettings) -> d
    javax.mail.internet.InternetAddress[] getToAddresses(com.kbdunn.nimbus.api.model.Email) -> b
com.kbdunn.nimbus.api.util.EmailUtil$1 -> com.kbdunn.nimbus.ap:
    com.kbdunn.nimbus.api.model.SMTPSettings val$settings -> aR
    void <init>(com.kbdunn.nimbus.api.model.SMTPSettings) -> <init>
    javax.mail.PasswordAuthentication getPasswordAuthentication() -> getPasswordAuthentication
com.kbdunn.nimbus.api.util.FileUtil -> com.kbdunn.nimbus.aq:
    java.lang.String INVALID_FILENAME_CHARACTERS -> aS
    java.lang.String INVALID_PATH_CHARACTERS -> aT
    void <init>() -> <init>
    boolean pathContainsInvalidCharacters(java.lang.String) -> H
    boolean filenameContainsInvalidCharacters(java.lang.String) -> I
com.kbdunn.nimbus.api.util.OAuthUtil -> com.kbdunn.nimbus.ar:
    void <init>() -> <init>
    com.github.scribejava.core.model.OAuth1AccessToken toOAuth1AccessToken(com.kbdunn.nimbus.api.model.OAuthCredential) -> c
    com.github.scribejava.core.model.OAuth2AccessToken toOAuth2AccessToken(com.kbdunn.nimbus.api.model.OAuthCredential) -> d
    com.github.scribejava.core.model.OAuth2AccessToken refreshAccessToken(com.kbdunn.nimbus.api.security.OAuth20API) -> a
    com.github.scribejava.core.oauth.OAuthService getScribeOAuthService(com.kbdunn.nimbus.api.security.OAuthAPIService) -> a
    com.github.scribejava.core.model.OAuthRequest signOAuthRequest(com.github.scribejava.core.model.OAuthRequest,com.kbdunn.nimbus.api.security.OAuthAPIService) -> a
com.kbdunn.nimbus.api.util.StringUtil -> com.kbdunn.nimbus.as:
    void <init>() -> <init>
    java.lang.String toDateString(java.util.Date) -> d
    java.lang.String toHumanDateString(java.util.Date) -> e
    java.lang.String toHumanSizeString(long) -> e
    java.lang.String toHumanPercentage(float) -> c
    java.lang.String getFileNameFromPath(java.lang.String) -> J
    java.lang.String getFileExtensionFromPath(java.lang.String) -> K
    java.lang.String decodeUtf8(java.lang.String) -> L
    java.lang.String encodeUtf8(java.lang.String) -> M
    java.lang.String encodeUriUtf8(java.lang.String) -> N
    java.lang.String decodeUriUtf8(java.lang.String) -> O
    java.lang.String toDurationString(java.lang.Integer) -> e
    boolean isLong(java.lang.String) -> P
    boolean stringContainsInvalidCharacters(java.lang.String,java.lang.String) -> d
